Title: * inversor cmos gf180mcud - ac (bode) - version ngspice
Date: Tue Sep  1 15:50:41  2026
Command: ngspice-47, Build Aug 11 2026   13:49:23
Plotname: AC Analysis
Flags: complex
No. Variables: 6
No. Points: 301     
Variables:
	0	frequency	frequency	grid=3
	1	v(vdd)	voltage
	2	v(vin)	voltage
	3	v(vout)	voltage
	4	i(v3)	current
	5	i(v1)	current
Values:
0		1.000000000000000e+07,1.099168575495125e-311
	0.000000000000000e+00,0.000000000000000e+00
	1.000000000000000e+00,0.000000000000000e+00
	-2.168113906195366e+00,1.756313154159023e-02
	-1.559204487733558e-09,-6.876086471257966e-07
	3.497159800439978e-04,1.866434390610342e-07
1		1.023292992280754e+07,1.099168575495125e-311
	0.000000000000000e+00,0.000000000000000e+00
	1.000000000000000e+00,0.000000000000000e+00
	-2.168107471854466e+00,1.797217822132434e-02
	-1.632682914299121e-09,-7.036245255086946e-07
	3.497159706340354e-04,1.909908574331045e-07
2		1.047128548050899e+07,1.099168575495125e-311
	0.000000000000000e+00,0.000000000000000e+00
	1.000000000000000e+00,0.000000000000000e+00
	-2.168100734310152e+00,1.839074916223146e-02
	-1.709623823828720e-09,-7.200134198216926e-07
	3.497159607806713e-04,1.954395487428229e-07
3		1.071519305237606e+07,1.099168575495125e-311
	0.000000000000000e+00,0.000000000000000e+00
	1.000000000000000e+00,0.000000000000000e+00
	-2.168093679281261e+00,1.881906595116368e-02
	-1.790190354849354e-09,-7.367840157332396e-07
	3.497159504629568e-04,1.999918722502884e-07
4		1.096478196143185e+07,1.099168575495125e-311
	0.000000000000000e+00,0.000000000000000e+00
	1.000000000000000e+00,0.000000000000000e+00
	-2.168086291803443e+00,1.925735531750476e-02
	-1.874553330179097e-09,-7.539452010122921e-07
	3.497159396590880e-04,2.046502421978631e-07
5		1.122018454301963e+07,1.099168575495125e-311
	0.000000000000000e+00,0.000000000000000e+00
	1.000000000000000e+00,0.000000000000000e+00
	-2.168078556214718e+00,1.970584925190755e-02
	-1.962891618701308e-09,-7.715060702221869e-07
	3.497159283461437e-04,2.094171290944539e-07
6		1.148153621496883e+07,1.099168575495125e-311
	0.000000000000000e+00,0.000000000000000e+00
	1.000000000000000e+00,0.000000000000000e+00
	-2.168070456122312e+00,2.016478512742242e-02
	-2.055392514124742e-09,-7.894759295211928e-07
	3.497159165000361e-04,2.142950610282547e-07
7		1.174897554939529e+07,1.099168575495125e-311
	0.000000000000000e+00,0.000000000000000e+00
	1.000000000000000e+00,0.000000000000000e+00
	-2.168061974340362e+00,2.063440582283108e-02
	-2.152252131498101e-09,-8.078643015708379e-07
	3.497159040958073e-04,2.192866250072728e-07
8		1.202264434617413e+07,1.099168575495125e-311
	0.000000000000000e+00,0.000000000000000e+00
	1.000000000000000e+00,0.000000000000000e+00
	-2.168053092894917e+00,2.111495984999963e-02
	-2.253675822493137e-09,-8.266809305643430e-07
	3.497158911070554e-04,2.243944683384372e-07
9		1.230268770812381e+07,1.099168575495125e-311
	0.000000000000000e+00,0.000000000000000e+00
	1.000000000000000e+00,0.000000000000000e+00
	-2.168043792954854e+00,2.160670148275716e-02
	-2.359878610072863e-09,-8.459357873634341e-07
	3.497158775062692e-04,2.296213000314244e-07
10		1.258925411794167e+07,1.099168575495125e-311
	0.000000000000000e+00,0.000000000000000e+00
	1.000000000000000e+00,0.000000000000000e+00
	-2.168034054802364e+00,2.210989088940801e-02
	-2.471085643666605e-09,-8.656390747576065e-07
	3.497158632646404e-04,2.349698922397082e-07
11		1.288249551693134e+07,1.099168575495125e-311
	0.000000000000000e+00,0.000000000000000e+00
	1.000000000000000e+00,0.000000000000000e+00
	-2.168023857801566e+00,2.262479426821894e-02
	-2.587532675740272e-09,-8.858012328444831e-07
	3.497158483518708e-04,2.404430817355057e-07
12		1.318256738556407e+07,1.099168575495125e-311
	0.000000000000000e+00,0.000000000000000e+00
	1.000000000000000e+00,0.000000000000000e+00
	-2.168013180323801e+00,2.315168398507662e-02
	-2.709466560663614e-09,-9.064329445291408e-07
	3.497158327365010e-04,2.460437714144797e-07
13		1.348962882591653e+07,1.099168575495125e-311
	0.000000000000000e+00,0.000000000000000e+00
	1.000000000000000e+00,0.000000000000000e+00
	-2.168001999739796e+00,2.369083871559817e-02
	-2.837145777173829e-09,-9.275451411576014e-07
	3.497158163853643e-04,2.517749318437392e-07
14		1.380384264602884e+07,1.099168575495125e-311
	0.000000000000000e+00,0.000000000000000e+00
	1.000000000000000e+00,0.000000000000000e+00
	-2.167990292351110e+00,2.424254358919426e-02
	-2.970840975245496e-09,-9.491490082729857e-07
	3.497157992637777e-04,2.576396028393197e-07
15		1.412537544622754e+07,1.099168575495125e-311
	0.000000000000000e+00,0.000000000000000e+00
	1.000000000000000e+00,0.000000000000000e+00
	-2.167978033346874e+00,2.480709033687760e-02
	-3.110835548710203e-09,-9.712559915068838e-07
	3.497157813353816e-04,2.636408950839191e-07
16		1.445439770745927e+07,1.099168575495125e-311
	0.000000000000000e+00,0.000000000000000e+00
	1.000000000000000e+00,0.000000000000000e+00
	-2.167965196727191e+00,2.538477744162932e-02
	-3.257426234678442e-09,-9.938778026018985e-07
	3.497157625623679e-04,2.697819917786169e-07
17		1.479108388168207e+07,1.099168575495125e-311
	0.000000000000000e+00,0.000000000000000e+00
	1.000000000000000e+00,0.000000000000000e+00
	-2.167951755286073e+00,2.597591029345656e-02
	-3.410923741279314e-09,-1.017026425579926e-06
	3.497157429049202e-04,2.760661503413449e-07
18		1.513561248436208e+07,1.099168575495125e-311
	0.000000000000000e+00,0.000000000000000e+00
	1.000000000000000e+00,0.000000000000000e+00
	-2.167937680557356e+00,2.658080134711584e-02
	-3.571653404782409e-09,-1.040714123047550e-06
	3.497157223210867e-04,2.824967041410743e-07
19		1.548816618912481e+07,1.099168575495125e-311
	0.000000000000000e+00,0.000000000000000e+00
	1.000000000000000e+00,0.000000000000000e+00
	-2.167922942688994e+00,2.719977028159334e-02
	-3.739955877331223e-09,-1.064953442636225e-06
	3.497157007675188e-04,2.890770642631065e-07
20		1.584893192461113e+07,1.099168575495125e-311
	0.000000000000000e+00,0.000000000000000e+00
	1.000000000000000e+00,0.000000000000000e+00
	-2.167907510445461e+00,2.783314416615868e-02
	-3.916187847360470e-09,-1.089757223606986e-06
	3.497156781985509e-04,2.958107213336584e-07
21		1.621810097358929e+07,1.099168575495125e-311
	0.000000000000000e+00,0.000000000000000e+00
	1.000000000000000e+00,0.000000000000000e+00
	-2.167891351141734e+00,2.848125762851798e-02
	-4.100722793619849e-09,-1.115138603597554e-06
	3.497156545661059e-04,3.027012473787560e-07
22		1.659586907437560e+07,1.099168575495125e-311
	0.000000000000000e+00,0.000000000000000e+00
	1.000000000000000e+00,0.000000000000000e+00
	-2.167874430505257e+00,2.914445302478240e-02
	-4.293951774298572e-09,-1.141111025513162e-06
	3.497156298204623e-04,3.097522977164639e-07
23		1.698243652461743e+07,1.099168575495125e-311
	0.000000000000000e+00,0.000000000000000e+00
	1.000000000000000e+00,0.000000000000000e+00
	-2.167856712703504e+00,2.982308061743065e-02
	-4.496284253779520e-09,-1.167688244598661e-06
	3.497156039088875e-04,3.169676129185194e-07
24		1.737800828749374e+07,1.099168575495125e-311
	0.000000000000000e+00,0.000000000000000e+00
	1.000000000000000e+00,0.000000000000000e+00
	-2.167838160185540e+00,3.051749875235473e-02
	-4.708148967467986e-09,-1.194884335645113e-06
	3.497155767765713e-04,3.243510207910459e-07
25		1.778279410038922e+07,1.099168575495125e-311
	0.000000000000000e+00,0.000000000000000e+00
	1.000000000000000e+00,0.000000000000000e+00
	-2.167818733644053e+00,3.122807404291874e-02
	-4.929994827629866e-09,-1.222713700378349e-06
	3.497155483659865e-04,3.319064384205005e-07
26		1.819700858609982e+07,1.099168575495125e-311
	0.000000000000000e+00,0.000000000000000e+00
	1.000000000000000e+00,0.000000000000000e+00
	-2.167798391911674e+00,3.195518155626528e-02
	-5.162291871427236e-09,-1.251191075006000e-06
	3.497155186170303e-04,3.396378742583237e-07
27		1.862087136662866e+07,1.099168575495125e-311
	0.000000000000000e+00,0.000000000000000e+00
	1.000000000000000e+00,0.000000000000000e+00
	-2.167777091894735e+00,3.269920500470892e-02
	-5.405532253545612e-09,-1.280331537942135e-06
	3.497154874666343e-04,3.475494302613518e-07
28		1.905460717963246e+07,1.099168575495125e-311
	0.000000000000000e+00,0.000000000000000e+00
	1.000000000000000e+00,0.000000000000000e+00
	-2.167754788471956e+00,3.346053694028377e-02
	-5.660231285172356e-09,-1.310150517702001e-06
	3.497154548487634e-04,3.556453040777533e-07
29		1.949844599758044e+07,1.099168575495125e-311
	0.000000000000000e+00,0.000000000000000e+00
	1.000000000000000e+00,0.000000000000000e+00
	-2.167731434395764e+00,3.423957895353454e-02
	-5.926928521643855e-09,-1.340663800976316e-06
	3.497154206943185e-04,3.639297912855849e-07
30		1.995262314968878e+07,1.099168575495125e-311
	0.000000000000000e+00,0.000000000000000e+00
	1.000000000000000e+00,0.000000000000000e+00
	-2.167706980192599e+00,3.503674187653472e-02
	-6.206188901013569e-09,-1.371887540888475e-06
	3.497153849309917e-04,3.724072876847790e-07
31		2.041737944669528e+07,1.099168575495125e-311
	0.000000000000000e+00,0.000000000000000e+00
	1.000000000000000e+00,0.000000000000000e+00
	-2.167681374058552e+00,3.585244599009749e-02
	-6.498603935891288e-09,-1.403838265437964e-06
	3.497153474831132e-04,3.810822916432967e-07
32		2.089296130854038e+07,1.099168575495125e-311
	0.000000000000000e+00,0.000000000000000e+00
	1.000000000000000e+00,0.000000000000000e+00
	-2.167654561774242e+00,3.668712123603902e-02
	-6.804792961175359e-09,-1.436532886138377e-06
	3.497153082711865e-04,3.899594065033499e-07
33		2.137962089502230e+07,1.099168575495125e-311
	0.000000000000000e+00,0.000000000000000e+00
	1.000000000000000e+00,0.000000000000000e+00
	-2.167626486545682e+00,3.754120743152509e-02
	-7.125404439713632e-09,-1.469988706837042e-06
	3.497152672122872e-04,3.990433430317042e-07
34		2.187761623949550e+07,1.099168575495125e-311
	0.000000000000000e+00,0.000000000000000e+00
	1.000000000000000e+00,0.000000000000000e+00
	-2.167597088919037e+00,3.841515449033107e-02
	-7.461117329457261e-09,-1.504223432746997e-06
	3.497152242194524e-04,4.083389219427957e-07
35		2.238721138568337e+07,1.099168575495125e-311
	0.000000000000000e+00,0.000000000000000e+00
	1.000000000000000e+00,0.000000000000000e+00
	-2.167566306651894e+00,3.930942264733844e-02
	-7.812642514270519e-09,-1.539255179674514e-06
	3.497151792015413e-04,4.178510764747012e-07
36		2.290867652767771e+07,1.099168575495125e-311
	0.000000000000000e+00,0.000000000000000e+00
	1.000000000000000e+00,0.000000000000000e+00
	-2.167534074551128e+00,4.022448268649067e-02
	-8.180724301351149e-09,-1.575102483447262e-06
	3.497151320634339e-04,4.275848550204125e-07
37		2.344228815319920e+07,1.099168575495125e-311
	0.000000000000000e+00,0.000000000000000e+00
	1.000000000000000e+00,0.000000000000000e+00
	-2.167500324390750e+00,4.116081617632460e-02
	-8.566141989163396e-09,-1.611784309570019e-06
	3.497150827051355e-04,4.375454238391967e-07
38		2.398832919019488e+07,1.099168575495125e-311
	0.000000000000000e+00,0.000000000000000e+00
	1.000000000000000e+00,0.000000000000000e+00
	-2.167464984716593e+00,4.211891570628912e-02
	-8.969711507758996e-09,-1.649320063073996e-06
	3.497150310222173e-04,4.477380698104242e-07
39		2.454708915685027e+07,1.099168575495125e-311
	0.000000000000000e+00,0.000000000000000e+00
	1.000000000000000e+00,0.000000000000000e+00
	-2.167427980709722e+00,4.309928512996700e-02
	-9.392287136057985e-09,-1.687729598597958e-06
	3.497149769054240e-04,4.581682032662384e-07
40		2.511886431509577e+07,1.099168575495125e-311
	0.000000000000000e+00,0.000000000000000e+00
	1.000000000000000e+00,0.000000000000000e+00
	-2.167389234063505e+00,4.410243981385110e-02
	-9.834763299384477e-09,-1.727033230697773e-06
	3.497149202400070e-04,4.688413608967157e-07
41		2.570395782768861e+07,1.099168575495125e-311
	0.000000000000000e+00,0.000000000000000e+00
	1.000000000000000e+00,0.000000000000000e+00
	-2.167348662770696e+00,4.512890688763429e-02
	-1.029807645004731e-08,-1.767251744365945e-06
	3.497148609060933e-04,4.797632087058327e-07
42		2.630267991895379e+07,1.099168575495125e-311
	0.000000000000000e+00,0.000000000000000e+00
	1.000000000000000e+00,0.000000000000000e+00
	-2.167306180968295e+00,4.617922550169923e-02
	-1.078320703602295e-08,-1.808406405797184e-06
	3.497147987782156e-04,4.909395450523423e-07
43		2.691534803926912e+07,1.099168575495125e-311
	0.000000000000000e+00,0.000000000000000e+00
	1.000000000000000e+00,0.000000000000000e+00
	-2.167261698781250e+00,4.725394708975684e-02
	-1.129118156135810e-08,-1.850518973392884e-06
	3.497147337247438e-04,5.023763037654008e-07
44		2.754228703338163e+07,1.099168575495125e-311
	0.000000000000000e+00,0.000000000000000e+00
	1.000000000000000e+00,0.000000000000000e+00
	-2.167215122085481e+00,4.835363563325101e-02
	-1.182307474168082e-08,-1.893611708989955e-06
	3.497146656082168e-04,5.140795573172500e-07
45		2.818382931264450e+07,1.099168575495125e-311
	0.000000000000000e+00,0.000000000000000e+00
	1.000000000000000e+00,0.000000000000000e+00
	-2.167166352361961e+00,4.947886793474836e-02
	-1.238001176089668e-08,-1.937707389358849e-06
	3.497145942844028e-04,5.260555200960751e-07
46		2.884031503126602e+07,1.099168575495125e-311
	0.000000000000000e+00,0.000000000000000e+00
	1.000000000000000e+00,0.000000000000000e+00
	-2.167115286448686e+00,5.063023389220086e-02
	-1.296317063174248e-08,-1.982829317929942e-06
	3.497145196025166e-04,5.383105517344085e-07
47		2.951209226666382e+07,1.099168575495125e-311
	0.000000000000000e+00,0.000000000000000e+00
	1.000000000000000e+00,0.000000000000000e+00
	-2.167061816348436e+00,5.180833678084010e-02
	-1.357378466659924e-08,-2.029001336790620e-06
	3.497144414046001e-04,5.508511605337468e-07
48		3.019951720402012e+07,1.099168575495125e-311
	0.000000000000000e+00,0.000000000000000e+00
	1.000000000000000e+00,0.000000000000000e+00
	-2.167005828995537e+00,5.301379353855793e-02
	-1.421314506257125e-08,-2.076247838934582e-06
	3.497143595252773e-04,5.636840069636742e-07
49		3.090295432513586e+07,1.099168575495125e-311
	0.000000000000000e+00,0.000000000000000e+00
	1.000000000000000e+00,0.000000000000000e+00
	-2.166947206005247e+00,5.424723505571669e-02
	-1.488260360626005e-08,-2.124593780773302e-06
	3.497142737915818e-04,5.768159072430426e-07
50		3.162277660168375e+07,1.099168575495125e-311
	0.000000000000000e+00,0.000000000000000e+00
	1.000000000000000e+00,0.000000000000000e+00
	-2.166885823467231e+00,5.550930647242225e-02
	-1.558357550452421e-08,-2.174064694931408e-06
	3.497141840220717e-04,5.902538370228505e-07
51		3.235936569296278e+07,1.099168575495125e-311
	0.000000000000000e+00,0.000000000000000e+00
	1.000000000000000e+00,0.000000000000000e+00
	-2.166821551641546e+00,5.680066747642437e-02
	-1.631754234507975e-08,-2.224686703292565e-06
	3.497140900270168e-04,6.040049351340319e-07
52		3.311311214825906e+07,1.099168575495125e-311
	0.000000000000000e+00,0.000000000000000e+00
	1.000000000000000e+00,0.000000000000000e+00
	-2.166754254690810e+00,5.812199260796568e-02
	-1.708605519456127e-08,-2.276486530336102e-06
	3.497139916079568e-04,6.180765074388819e-07
53		3.388441561392020e+07,1.099168575495125e-311
	0.000000000000000e+00,0.000000000000000e+00
	1.000000000000000e+00,0.000000000000000e+00
	-2.166683790441129e+00,5.947397157154612e-02
	-1.789073784034421e-08,-2.329491516769115e-06
	3.497138885567211e-04,6.324760307885572e-07
54		3.467368504525311e+07,1.099168575495125e-311
	0.000000000000000e+00,0.000000000000000e+00
	1.000000000000000e+00,0.000000000000000e+00
	-2.166610010016410e+00,6.085730954637791e-02
	-1.873329018018865e-08,-2.383729633413062e-06
	3.497137806558639e-04,6.472111570423233e-07
55		3.548133892335749e+07,1.099168575495125e-311
	0.000000000000000e+00,0.000000000000000e+00
	1.000000000000000e+00,0.000000000000000e+00
	-2.166532757600010e+00,6.227272750881041e-02
	-1.961549177036275e-08,-2.439229495424098e-06
	3.497136676772971e-04,6.622897172275610e-07
56		3.630780547701008e+07,1.099168575495125e-311
	0.000000000000000e+00,0.000000000000000e+00
	1.000000000000000e+00,0.000000000000000e+00
	-2.166451870061704e+00,6.372096255280879e-02
	-2.053920553518779e-08,-2.496020376774450e-06
	3.497135493824224e-04,6.777197257638728e-07
57		3.715352290971719e+07,1.099168575495125e-311
	0.000000000000000e+00,0.000000000000000e+00
	1.000000000000000e+00,0.000000000000000e+00
	-2.166367176614433e+00,6.520276821703962e-02
	-2.150638164786673e-08,-2.554132225047737e-06
	3.497134255216787e-04,6.935093848035914e-07
58		3.801893963205606e+07,1.099168575495125e-311
	0.000000000000000e+00,0.000000000000000e+00
	1.000000000000000e+00,0.000000000000000e+00
	-2.166278498500137e+00,6.671891481883770e-02
	-2.251906159048127e-08,-2.613595676554900e-06
	3.497132958334993e-04,7.096670886936874e-07
59		3.890451449942800e+07,1.099168575495125e-311
	0.000000000000000e+00,0.000000000000000e+00
	1.000000000000000e+00,0.000000000000000e+00
	-2.166185648590503e+00,6.827018978833500e-02
	-2.357938239899097e-08,-2.674442071738386e-06
	3.497131600441160e-04,7.262014285242156e-07
60		3.981071705534966e+07,1.099168575495125e-311
	0.000000000000000e+00,0.000000000000000e+00
	1.000000000000000e+00,0.000000000000000e+00
	-2.166088430977570e+00,6.985739800671091e-02
	-2.468958110277186e-08,-2.736703470891883e-06
	3.497130178672509e-04,7.431211967898390e-07
61		4.073802778041120e+07,1.099168575495125e-311
	0.000000000000000e+00,0.000000000000000e+00
	1.000000000000000e+00,0.000000000000000e+00
	-2.165986640615305e+00,7.148136215243588e-02
	-2.585199936880444e-08,-2.800412670222467e-06
	3.497128690029129e-04,7.604353921906818e-07
62		4.168693834703346e+07,1.099168575495125e-311
	0.000000000000000e+00,0.000000000000000e+00
	1.000000000000000e+00,0.000000000000000e+00
	-2.165880062860066e+00,7.314292304599224e-02
	-2.706908835630526e-08,-2.865603218207187e-06
	3.497127131372099e-04,7.781532245222652e-07
63		4.265795188015918e+07,1.099168575495125e-311
	0.000000000000000e+00,0.000000000000000e+00
	1.000000000000000e+00,0.000000000000000e+00
	-2.165768473036402e+00,7.484294000060619e-02
	-2.834341379381208e-08,-2.932309432291424e-06
	3.497125499415682e-04,7.962841197022549e-07
64		4.365158322401651e+07,1.099168575495125e-311
	0.000000000000000e+00,0.000000000000000e+00
	1.000000000000000e+00,0.000000000000000e+00
	-2.165651635979120e+00,7.658229117585906e-02
	-2.967766128751098e-08,-3.000566415916728e-06
	3.497123790719648e-04,8.148377249208682e-07
65		4.466835921509622e+07,1.099168575495125e-311
	0.000000000000000e+00,0.000000000000000e+00
	1.000000000000000e+00,0.000000000000000e+00
	-2.165529305516453e+00,7.836187393141997e-02
	-3.107464186995394e-08,-3.070410075867931e-06
	3.497122001686080e-04,8.338239139042354e-07
66		4.570881896148741e+07,1.099168575495125e-311
	0.000000000000000e+00,0.000000000000000e+00
	1.000000000000000e+00,0.000000000000000e+00
	-2.165401224023905e+00,8.018260518962982e-02
	-3.253729780321124e-08,-3.141877139993475e-06
	3.497120128544111e-04,8.532527923461165e-07
67		4.677351412871972e+07,1.099168575495125e-311
	0.000000000000000e+00,0.000000000000000e+00
	1.000000000000000e+00,0.000000000000000e+00
	-2.165267121807380e+00,8.204542178977917e-02
	-3.406870864085369e-08,-3.215005175208252e-06
	3.497118167353024e-04,8.731347034153455e-07
68		4.786300923226373e+07,1.099168575495125e-311
	0.000000000000000e+00,0.000000000000000e+00
	1.000000000000000e+00,0.000000000000000e+00
	-2.165126716637461e+00,8.395128085651060e-02
	-3.567209756916490e-08,-3.289832605909363e-06
	3.497116113982822e-04,8.934802334736155e-07
69		4.897788193684451e+07,1.099168575495125e-311
	0.000000000000000e+00,0.000000000000000e+00
	1.000000000000000e+00,0.000000000000000e+00
	-2.164979713093787e+00,8.590116015754583e-02
	-3.735083802964759e-08,-3.366398732671266e-06
	3.497113964115302e-04,9.143002178678233e-07
70		5.011872336272712e+07,1.099168575495125e-311
	0.000000000000000e+00,0.000000000000000e+00
	1.000000000000000e+00,0.000000000000000e+00
	-2.164825802030955e+00,8.789605847314161e-02
	-3.910846064446786e-08,-3.444743751350466e-06
	3.497111713226062e-04,9.356057469322259e-07
71		5.128613839913637e+07,1.099168575495125e-311
	0.000000000000000e+00,0.000000000000000e+00
	1.000000000000000e+00,0.000000000000000e+00
	-2.164664659855842e+00,8.993699595341798e-02
	-4.094866044772286e-08,-3.524908772471356e-06
	3.497109356586522e-04,9.574081720707585e-07
72		5.248074602497714e+07,1.099168575495125e-311
	0.000000000000000e+00,0.000000000000000e+00
	1.000000000000000e+00,0.000000000000000e+00
	-2.164495947961853e+00,9.202501448983133e-02
	-4.287530444736370e-08,-3.606935841044698e-06
	3.497106889242071e-04,9.797191120778527e-07
73		5.370317963702515e+07,1.099168575495125e-311
	0.000000000000000e+00,0.000000000000000e+00
	1.000000000000000e+00,0.000000000000000e+00
	-2.164319311968856e+00,9.416117807272639e-02
	-4.489243951945606e-08,-3.690867956666710e-06
	3.497104306010646e-04,1.002550459544830e-06
74		5.495408738576233e+07,1.099168575495125e-311
	0.000000000000000e+00,0.000000000000000e+00
	1.000000000000000e+00,0.000000000000000e+00
	-2.164134381021495e+00,9.634657315427184e-02
	-4.700430065775771e-08,-3.776749094011054e-06
	3.497101601469538e-04,1.025914387471163e-06
75		5.623413251903477e+07,1.099168575495125e-311
	0.000000000000000e+00,0.000000000000000e+00
	1.000000000000000e+00,0.000000000000000e+00
	-2.163940767051914e+00,9.858230900896398e-02
	-4.921531959031206e-08,-3.864624223674453e-06
	3.497098769942200e-04,1.049823356044907e-06
76		5.754399373371556e+07,1.099168575495125e-311
	0.000000000000000e+00,0.000000000000000e+00
	1.000000000000000e+00,0.000000000000000e+00
	-2.163738063967880e+00,1.008695180874153e-01
	-5.153013377650115e-08,-3.954539333356238e-06
	3.497095805489734e-04,1.074290119577314e-06
77		5.888436553555875e+07,1.099168575495125e-311
	0.000000000000000e+00,0.000000000000000e+00
	1.000000000000000e+00,0.000000000000000e+00
	-2.163525846830083e+00,1.032093563680623e-01
	-5.395359580288825e-08,-4.046541449401666e-06
	3.497092701898868e-04,1.099327733628492e-06
78		6.025595860743563e+07,1.099168575495125e-311
	0.000000000000000e+00,0.000000000000000e+00
	1.000000000000000e+00,0.000000000000000e+00
	-2.163303671017134e+00,1.056030037061856e-01
	-5.649078319445364e-08,-4.140678658709418e-06
	3.497089452666333e-04,1.124949562331474e-06
79		6.165950018614806e+07,1.099168575495125e-311
	0.000000000000000e+00,0.000000000000000e+00
	1.000000000000000e+00,0.000000000000000e+00
	-2.163071071318555e+00,1.080516641738799e-01
	-5.914700865530017e-08,-4.237000130971266e-06
	3.497086050987047e-04,1.151169285889710e-06
80		6.309573444801916e+07,1.099168575495125e-311
	0.000000000000000e+00,0.000000000000000e+00
	1.000000000000000e+00,0.000000000000000e+00
	-2.162827560961163e+00,1.105565663900333e-01
	-6.192783075600111e-08,-4.335556141241941e-06
	3.497082489745192e-04,1.178000908254816e-06
81		6.456542290346538e+07,1.099168575495125e-311
	0.000000000000000e+00,0.000000000000000e+00
	1.000000000000000e+00,0.000000000000000e+00
	-2.162572630693901e+00,1.131189638516687e-01
	-6.483906509238902e-08,-4.436398092905470e-06
	3.497078761492101e-04,1.205458765062725e-06
82		6.606934480075943e+07,1.099168575495125e-311
	0.000000000000000e+00,0.000000000000000e+00
	1.000000000000000e+00,0.000000000000000e+00
	-2.162305747741208e+00,1.157401352471726e-01
	-6.788679592441486e-08,-4.539578540931955e-06
	3.497074858434812e-04,1.233557531730267e-06
83		6.760829753919800e+07,1.099168575495125e-311
	0.000000000000000e+00,0.000000000000000e+00
	1.000000000000000e+00,0.000000000000000e+00
	-2.162026354729458e+00,1.184213847599783e-01
	-7.107738831922743e-08,-4.645151215474817e-06
	3.497070772421813e-04,1.262312231775944e-06
84		6.918309709189346e+07,1.099168575495125e-311
	0.000000000000000e+00,0.000000000000000e+00
	1.000000000000000e+00,0.000000000000000e+00
	-2.161733868564197e+00,1.211640423591986e-01
	-7.441750081684576e-08,-4.753171045790829e-06
	3.497066494928545e-04,1.291738245360337e-06
85		7.079457843841361e+07,1.099168575495125e-311
	0.000000000000000e+00,0.000000000000000e+00
	1.000000000000000e+00,0.000000000000000e+00
	-2.161427679338431e+00,1.239694640847461e-01
	-7.791409864411721e-08,-4.863694184526328e-06
	3.497062017032219e-04,1.321851318105983e-06
86		7.244359600749882e+07,1.099168575495125e-311
	0.000000000000000e+00,0.000000000000000e+00
	1.000000000000000e+00,0.000000000000000e+00
	-2.161107149048022e+00,1.268390323009963e-01
	-8.157446748277215e-08,-4.976778032225873e-06
	3.497057329404155e-04,1.352667570065129e-06
87		7.413102413009155e+07,1.099168575495125e-311
	0.000000000000000e+00,0.000000000000000e+00
	1.000000000000000e+00,0.000000000000000e+00
	-2.160771610392622e+00,1.297741559475585e-01
	-8.540622783102690e-08,-5.092481262223012e-06
	3.497052422284003e-04,1.384203505018142e-06
88		7.585775750291817e+07,1.099168575495125e-311
	0.000000000000000e+00,0.000000000000000e+00
	1.000000000000000e+00,0.000000000000000e+00
	-2.160420365421040e+00,1.327762707587669e-01
	-8.941734996397996e-08,-5.210863845754735e-06
	3.497047285466205e-04,1.416476019959149e-06
89		7.762471166286896e+07,1.099168575495125e-311
	0.000000000000000e+00,0.000000000000000e+00
	1.000000000000000e+00,0.000000000000000e+00
	-2.160052684207025e+00,1.358468394709851e-01
	-9.361616952815796e-08,-5.331987077405200e-06
	3.497041908274806e-04,1.449502414899636e-06
90		7.943282347242793e+07,1.099168575495125e-311
	0.000000000000000e+00,0.000000000000000e+00
	1.000000000000000e+00,0.000000000000000e+00
	-2.159667803403230e+00,1.389873519980356e-01
	-9.801140378136730e-08,-5.455913600767592e-06
	3.497036279545683e-04,1.483300402899088e-06
91		8.128305161640970e+07,1.099168575495125e-311
	0.000000000000000e+00,0.000000000000000e+00
	1.000000000000000e+00,0.000000000000000e+00
	-2.159264924756789e+00,1.421993255820068e-01
	-1.026121685067697e-07,-5.582707434362331e-06
	3.497030387605292e-04,1.517888120387931e-06
92		8.317637711026688e+07,1.099168575495125e-311
	0.000000000000000e+00,0.000000000000000e+00
	1.000000000000000e+00,0.000000000000000e+00
	-2.158843213580973e+00,1.454843049166795e-01
	-1.074279956244177e-07,-5.712433997793299e-06
	3.497024220246373e-04,1.553284137792051e-06
93		8.511380382023741e+07,1.099168575495125e-311
	0.000000000000000e+00,0.000000000000000e+00
	1.000000000000000e+00,0.000000000000000e+00
	-2.158401797140031e+00,1.488438622354971e-01
	-1.124688515199112e-07,-5.845160138093281e-06
	3.497017764705758e-04,1.589507470438994e-06
94		8.709635899560782e+07,1.099168575495125e-311
	0.000000000000000e+00,0.000000000000000e+00
	1.000000000000000e+00,0.000000000000000e+00
	-2.157939762986016e+00,1.522795973661473e-01
	-1.177451561173665e-07,-5.980954156265476e-06
	3.497011007639054e-04,1.626577589785979e-06
95		8.912509381337431e+07,1.099168575495125e-311
	0.000000000000000e+00,0.000000000000000e+00
	1.000000000000000e+00,0.000000000000000e+00
	-2.157456157204709e+00,1.557931377430057e-01
	-1.232678027163660e-07,-6.119885833966671e-06
	3.497003935097396e-04,1.664514434949288e-06
96		9.120108393559073e+07,1.099168575495125e-311
	0.000000000000000e+00,0.000000000000000e+00
	1.000000000000000e+00,0.000000000000000e+00
	-2.156949982663682e+00,1.593861383871951e-01
	-1.290481786270398e-07,-6.262026460379640e-06
	3.496996532494066e-04,1.703338424622997e-06
97		9.332543007969885e+07,1.099168575495125e-311
	0.000000000000000e+00,0.000000000000000e+00
	1.000000000000000e+00,0.000000000000000e+00
	-2.156420197036248e+00,1.630602818187506e-01
	-1.350981866020914e-07,-6.407448859069366e-06
	3.496988784589582e-04,1.743070469216138e-06
98		9.549925860214333e+07,1.099168575495125e-311
	0.000000000000000e+00,0.000000000000000e+00
	1.000000000000000e+00,0.000000000000000e+00
	-2.155865710949033e+00,1.668172779465203e-01
	-1.414302671287112e-07,-6.556227415067991e-06
	3.496980675450579e-04,1.783731983506883e-06
99		9.772372209558080e+07,1.099168575495125e-311
	0.000000000000000e+00,0.000000000000000e+00
	1.000000000000000e+00,0.000000000000000e+00
	-2.155285385904723e+00,1.706588638821923e-01
	-1.480574215648286e-07,-6.708438101879893e-06
	3.496972188426644e-04,1.825344899542693e-06
100		9.999999999999972e+07,1.099168575495125e-311
	0.000000000000000e+00,0.000000000000000e+00
	1.000000000000000e+00,0.000000000000000e+00
	-2.154678032188514e+00,1.745868037037976e-01
	-1.549932361665490e-07,-6.864158508536426e-06
	3.496963306118225e-04,1.867931679972580e-06
101		1.023292992280751e+08,1.099168575495125e-311
	0.000000000000000e+00,0.000000000000000e+00
	1.000000000000000e+00,0.000000000000000e+00
	-2.154042406671431e+00,1.786028881514153e-01
	-1.622519070193729e-07,-7.023467866591083e-06
	3.496954010346413e-04,1.911515331754299e-06
102		1.047128548050897e+08,1.099168575495125e-311
	0.000000000000000e+00,0.000000000000000e+00
	1.000000000000000e+00,0.000000000000000e+00
	-2.153377210572924e+00,1.827089342599836e-01
	-1.698482659040899e-07,-7.186447077067875e-06
	3.496944282116323e-04,1.956119420309789e-06
103		1.071519305237603e+08,1.099168575495125e-311
	0.000000000000000e+00,0.000000000000000e+00
	1.000000000000000e+00,0.000000000000000e+00
	-2.152681087086144e+00,1.869067849085027e-01
	-1.777978071050753e-07,-7.353178737231543e-06
	3.496934101586205e-04,2.001768084056804e-06
104		1.096478196143182e+08,1.099168575495125e-311
	0.000000000000000e+00,0.000000000000000e+00
	1.000000000000000e+00,0.000000000000000e+00
	-2.151952618972343e+00,1.911983082971953e-01
	-1.861167151968691e-07,-7.523747167226020e-06
	3.496923448028357e-04,2.048486049433862e-06
105		1.122018454301960e+08,1.099168575495125e-311
	0.000000000000000e+00,0.000000000000000e+00
	1.000000000000000e+00,0.000000000000000e+00
	-2.151190326024742e+00,1.955853973302328e-01
	-1.948218938132798e-07,-7.698238436437063e-06
	3.496912299794431e-04,2.096298646342403e-06
106		1.148153621496879e+08,1.099168575495125e-311
	0.000000000000000e+00,0.000000000000000e+00
	1.000000000000000e+00,0.000000000000000e+00
	-2.150392662437640e+00,2.000699689029373e-01
	-2.039309954210219e-07,-7.876740389551443e-06
	3.496900634280282e-04,2.145231824055992e-06
107		1.174897554939526e+08,1.099168575495125e-311
	0.000000000000000e+00,0.000000000000000e+00
	1.000000000000000e+00,0.000000000000000e+00
	-2.149558014170170e+00,2.046539631031925e-01
	-2.134624521308207e-07,-8.059342672343021e-06
	3.496888427878715e-04,2.195312167712314e-06
108		1.202264434617409e+08,1.099168575495125e-311
	0.000000000000000e+00,0.000000000000000e+00
	1.000000000000000e+00,0.000000000000000e+00
	-2.148684696101497e+00,2.093393422831912e-01
	-2.234355075233570e-07,-8.246136756916638e-06
	3.496875655946022e-04,2.246566915196974e-06
109		1.230268770812378e+08,1.099168575495125e-311
	0.000000000000000e+00,0.000000000000000e+00
	1.000000000000000e+00,0.000000000000000e+00
	-2.147770949168490e+00,2.141280900277604e-01
	-2.338702495351256e-07,-8.437215966527465e-06
	3.496862292757679e-04,2.299023974636892e-06
110		1.258925411794163e+08,1.099168575495125e-311
	0.000000000000000e+00,0.000000000000000e+00
	1.000000000000000e+00,0.000000000000000e+00
	-2.146814937414168e+00,2.190222099988011e-01
	-2.447876444015027e-07,-8.632675499832046e-06
	3.496848311462255e-04,2.352711942454785e-06
111		1.288249551693130e+08,1.099168575495125e-311
	0.000000000000000e+00,0.000000000000000e+00
	1.000000000000000e+00,0.000000000000000e+00
	-2.145814744886311e+00,2.240237246346117e-01
	-2.562095716485722e-07,-8.832612454420784e-06
	3.496833684041292e-04,2.407660121935110e-06
112		1.318256738556403e+08,1.099168575495125e-311
	0.000000000000000e+00,0.000000000000000e+00
	1.000000000000000e+00,0.000000000000000e+00
	-2.144768372523389e+00,2.291346737218192e-01
	-2.681588601652843e-07,-9.037125849694888e-06
	3.496818381257477e-04,2.463898542481591e-06
113		1.348962882591649e+08,1.099168575495125e-311
	0.000000000000000e+00,0.000000000000000e+00
	1.000000000000000e+00,0.000000000000000e+00
	-2.143673734860632e+00,2.343571127964354e-01
	-2.806593253165467e-07,-9.246316648809227e-06
	3.496802372612666e-04,2.521457979395556e-06
114		1.380384264602880e+08,1.099168575495125e-311
	0.000000000000000e+00,0.000000000000000e+00
	1.000000000000000e+00,0.000000000000000e+00
	-2.142528656720741e+00,2.396931113968747e-01
	-2.937358071280404e-07,-9.460287779767053e-06
	3.496785626294637e-04,2.580369974393014e-06
115		1.412537544622749e+08,1.099168575495125e-311
	0.000000000000000e+00,0.000000000000000e+00
	1.000000000000000e+00,0.000000000000000e+00
	-2.141330869739984e+00,2.451447511264926e-01
	-3.074142094945887e-07,-9.679144155388567e-06
	3.496768109131983e-04,2.640666856703926e-06
116		1.445439770745922e+08,1.099168575495125e-311
	0.000000000000000e+00,0.000000000000000e+00
	1.000000000000000e+00,0.000000000000000e+00
	-2.140078008911091e+00,2.507141235531667e-01
	-3.217215404416682e-07,-9.902992692259319e-06
	3.496749786533912e-04,2.702381765007673e-06
117		1.479108388168202e+08,1.099168575495125e-311
	0.000000000000000e+00,0.000000000000000e+00
	1.000000000000000e+00,0.000000000000000e+00
	-2.138767608888921e+00,2.564033278767808e-01
	-3.366859533461937e-07,-1.013194232822740e-05
	3.496730622448147e-04,2.765548669901559e-06
118		1.513561248436203e+08,1.099168575495125e-311
	0.000000000000000e+00,0.000000000000000e+00
	1.000000000000000e+00,0.000000000000000e+00
	-2.137397100354176e+00,2.622144684173826e-01
	-3.523367891667746e-07,-1.036610403868893e-05
	3.496710579299060e-04,2.830202397312222e-06
119		1.548816618912476e+08,1.099168575495125e-311
	0.000000000000000e+00,0.000000000000000e+00
	1.000000000000000e+00,0.000000000000000e+00
	-2.135963806219129e+00,2.681496518614616e-01
	-3.687046195838226e-07,-1.060559085126125e-05
	3.496689617934511e-04,2.896378652594086e-06
120		1.584893192461108e+08,1.099168575495125e-311
	0.000000000000000e+00,0.000000000000000e+00
	1.000000000000000e+00,0.000000000000000e+00
	-2.134464937766048e+00,2.742109842714581e-01
	-3.858212910253428e-07,-1.085051785881422e-05
	3.496667697570274e-04,2.964114045456950e-06
121		1.621810097358924e+08,1.099168575495125e-311
	0.000000000000000e+00,0.000000000000000e+00
	1.000000000000000e+00,0.000000000000000e+00
	-2.132897590713358e+00,2.804005678416921e-01
	-4.037199695186754e-07,-1.110100223070560e-05
	3.496644775733380e-04,3.033446115741965e-06
122		1.659586907437554e+08,1.099168575495125e-311
	0.000000000000000e+00,0.000000000000000e+00
	1.000000000000000e+00,0.000000000000000e+00
	-2.131258741241626e+00,2.867204973925339e-01
	-4.224351863110342e-07,-1.135716322211134e-05
	3.496620808201075e-04,3.104413360120380e-06
123		1.698243652461738e+08,1.099168575495125e-311
	0.000000000000000e+00,0.000000000000000e+00
	1.000000000000000e+00,0.000000000000000e+00
	-2.129545241923804e+00,2.931728565710320e-01
	-4.420028841574185e-07,-1.161912218120852e-05
	3.496595748943594e-04,3.177055259656206e-06
124		1.737800828749368e+08,1.099168575495125e-311
	0.000000000000000e+00,0.000000000000000e+00
	1.000000000000000e+00,0.000000000000000e+00
	-2.127753817633495e+00,2.997597137585210e-01
	-4.624604642083017e-07,-1.188700255414382e-05
	3.496569550062350e-04,3.251412308367032e-06
125		1.778279410038916e+08,1.099168575495125e-311
	0.000000000000000e+00,0.000000000000000e+00
	1.000000000000000e+00,0.000000000000000e+00
	-2.125881061371688e+00,3.064831176498079e-01
	-4.838468333646116e-07,-1.216092988752007e-05
	3.496542161732631e-04,3.327526042711730e-06
126		1.819700858609976e+08,1.099168575495125e-311
	0.000000000000000e+00,0.000000000000000e+00
	1.000000000000000e+00,0.000000000000000e+00
	-2.123923430113993e+00,3.133450925116003e-01
	-5.062024520177449e-07,-1.244103182836740e-05
	3.496513532138954e-04,3.405439072189958e-06
127		1.862087136662860e+08,1.099168575495125e-311
	0.000000000000000e+00,0.000000000000000e+00
	1.000000000000000e+00,0.000000000000000e+00
	-2.121877240608490e+00,3.203476330799995e-01
	-5.295693820051996e-07,-1.272743812130042e-05
	3.496483607414014e-04,3.485195110962482e-06
128		1.905460717963239e+08,1.099168575495125e-311
	0.000000000000000e+00,0.000000000000000e+00
	1.000000000000000e+00,0.000000000000000e+00
	-2.119738665154379e+00,3.274926990823562e-01
	-5.539913346321767e-07,-1.302028060270099e-05
	3.496452331579223e-04,3.566839010553692e-06
129		1.949844599758037e+08,1.099168575495125e-311
	0.000000000000000e+00,0.000000000000000e+00
	1.000000000000000e+00,0.000000000000000e+00
	-2.117503727408973e+00,3.347822093742360e-01
	-5.795137186016237e-07,-1.331969319179391e-05
	3.496419646482815e-04,3.650416793733377e-06
130		1.995262314968871e+08,1.099168575495125e-311
	0.000000000000000e+00,0.000000000000000e+00
	1.000000000000000e+00,0.000000000000000e+00
	-2.115168298223572e+00,3.422180356679618e-01
	-6.061836876529558e-07,-1.362581187840319e-05
	3.496385491737888e-04,3.735975689593967e-06
131		2.041737944669521e+08,1.099168575495125e-311
	0.000000000000000e+00,0.000000000000000e+00
	1.000000000000000e+00,0.000000000000000e+00
	-2.112728091533399e+00,3.498019958355638e-01
	-6.340501876983430e-07,-1.393877470721061e-05
	3.496349804659829e-04,3.823564169878920e-06
132		2.089296130854031e+08,1.099168575495125e-311
	0.000000000000000e+00,0.000000000000000e+00
	1.000000000000000e+00,0.000000000000000e+00
	-2.110178660246008e+00,3.575358467409512e-01
	-6.631640031709165e-07,-1.425872175818546e-05
	3.496312520213638e-04,3.913231986454199e-06
133		2.137962089502223e+08,1.099168575495125e-311
	0.000000000000000e+00,0.000000000000000e+00
	1.000000000000000e+00,0.000000000000000e+00
	-2.107515392314556e+00,3.654212766347933e-01
	-6.935778024145870e-07,-1.458579512328323e-05
	3.496273570949758e-04,4.005030210279873e-06
134		2.187761623949543e+08,1.099168575495125e-311
	0.000000000000000e+00,0.000000000000000e+00
	1.000000000000000e+00,0.000000000000000e+00
	-2.104733506867607e+00,3.734598970429143e-01
	-7.253461817367598e-07,-1.492013887895255e-05
	3.496232886949241e-04,4.099011271633067e-06
135		2.238721138568330e+08,1.099168575495125e-311
	0.000000000000000e+00,0.000000000000000e+00
	1.000000000000000e+00,0.000000000000000e+00
	-2.101828050500465e+00,3.816532341536105e-01
	-7.585257078472144e-07,-1.526189905439817e-05
	3.496190395768442e-04,4.195229001772430e-06
136		2.290867652767763e+08,1.099168575495125e-311
	0.000000000000000e+00,0.000000000000000e+00
	1.000000000000000e+00,0.000000000000000e+00
	-2.098793893689404e+00,3.900027196598796e-01
	-7.931749582832731e-07,-1.561122359528242e-05
	3.496146022393037e-04,4.293738675939394e-06
137		2.344228815319912e+08,1.099168575495125e-311
	0.000000000000000e+00,0.000000000000000e+00
	1.000000000000000e+00,0.000000000000000e+00
	-2.095625727528975e+00,3.985096810990144e-01
	-8.293545595585848e-07,-1.596826232301972e-05
	3.496099689179330e-04,4.394597058101666e-06
138		2.398832919019479e+08,1.099168575495125e-311
	0.000000000000000e+00,0.000000000000000e+00
	1.000000000000000e+00,0.000000000000000e+00
	-2.092318060577425e+00,4.071753315799636e-01
	-8.671272224364029e-07,-1.633316688900116e-05
	3.496051315817386e-04,4.497862446935213e-06
139		2.454708915685019e+08,1.099168575495125e-311
	0.000000000000000e+00,0.000000000000000e+00
	1.000000000000000e+00,0.000000000000000e+00
	-2.088865216060827e+00,4.160007589581868e-01
	-9.065577740241471e-07,-1.670609072400956e-05
	3.496000819288089e-04,4.603594723540359e-06
140		2.511886431509568e+08,1.099168575495125e-311
	0.000000000000000e+00,0.000000000000000e+00
	1.000000000000000e+00,0.000000000000000e+00
	-2.085261329427386e+00,4.249869144261372e-01
	-9.477131861710481e-07,-1.708718898259736e-05
	3.495948113821598e-04,4.711855400835482e-06
141		2.570395782768852e+08,1.099168575495125e-311
	0.000000000000000e+00,0.000000000000000e+00
	1.000000000000000e+00,0.000000000000000e+00
	-2.081500346178407e+00,4.341346004561761e-01
	-9.906625995307102e-07,-1.747661848204294e-05
	3.495893110874347e-04,4.822707674370780e-06
142		2.630267991895370e+08,1.099168575495125e-311
	0.000000000000000e+00,0.000000000000000e+00
	1.000000000000000e+00,0.000000000000000e+00
	-2.077576020211378e+00,4.434444581578995e-01
	-1.035477342877371e-06,-1.787453763618663e-05
	3.495835719099954e-04,4.936216475040649e-06
143		2.691534803926903e+08,1.099168575495125e-311
	0.000000000000000e+00,0.000000000000000e+00
	1.000000000000000e+00,0.000000000000000e+00
	-2.073481912622888e+00,4.529169539992227e-01
	-1.082230946979412e-06,-1.828110638385520e-05
	3.495775844329195e-04,5.052448523483668e-06
144		2.754228703338153e+08,1.099168575495125e-311
	0.000000000000000e+00,0.000000000000000e+00
	1.000000000000000e+00,0.000000000000000e+00
	-2.069211390984249e+00,4.625523658625237e-01
	-1.130999152321314e-06,-1.869648611172107e-05
	3.495713389566213e-04,5.171472386068652e-06
145		2.818382931264440e+08,1.099168575495125e-311
	0.000000000000000e+00,0.000000000000000e+00
	1.000000000000000e+00,0.000000000000000e+00
	-2.064757629293492e+00,4.723507684939884e-01
	-1.181859910121429e-06,-1.912083957192505e-05
	3.495648254982014e-04,5.293358532867427e-06
146		2.884031503126592e+08,1.099168575495125e-311
	0.000000000000000e+00,0.000000000000000e+00
	1.000000000000000e+00,0.000000000000000e+00
	-2.060113608517310e+00,4.823120182790024e-01
	-1.234893375747343e-06,-1.955433079414491e-05
	3.495580337927282e-04,5.418179397233174e-06
147		2.951209226666371e+08,1.099168575495125e-311
	0.000000000000000e+00,0.000000000000000e+00
	1.000000000000000e+00,0.000000000000000e+00
	-2.055272117941656e+00,4.924357374155526e-01
	-1.290181893910084e-06,-1.999712499255857e-05
	3.495509532944514e-04,5.546009437414624e-06
148		3.019951720402001e+08,1.099168575495125e-311
	0.000000000000000e+00,0.000000000000000e+00
	1.000000000000000e+00,0.000000000000000e+00
	-2.050225757204606e+00,5.027212973993016e-01
	-1.347809974570547e-06,-2.044938846733965e-05
	3.495435731808585e-04,5.676925199641289e-06
149		3.090295432513575e+08,1.099168575495125e-311
	0.000000000000000e+00,0.000000000000000e+00
	1.000000000000000e+00,0.000000000000000e+00
	-2.044966939353920e+00,5.131678019618148e-01
	-1.407864259014088e-06,-2.091128850156213e-05
	3.495358823559249e-04,5.811005383463600e-06
150		3.162277660168363e+08,1.099168575495125e-311
	0.000000000000000e+00,0.000000000000000e+00
	1.000000000000000e+00,0.000000000000000e+00
	-2.039487894714930e+00,5.237740693365449e-01
	-1.470433474806046e-06,-2.138299325301582e-05
	3.495278694568482e-04,5.948330908461100e-06
151		3.235936569296266e+08,1.099168575495125e-311
	0.000000000000000e+00,0.000000000000000e+00
	1.000000000000000e+00,0.000000000000000e+00
	-2.033780675901679e+00,5.345386140013115e-01
	-1.535608378998600e-06,-2.186467164192287e-05
	3.495195228608440e-04,6.088984983058078e-06
152		3.311311214825894e+08,1.099168575495125e-311
	0.000000000000000e+00,0.000000000000000e+00
	1.000000000000000e+00,0.000000000000000e+00
	-2.027837163919772e+00,5.454596278614490e-01
	-1.603481688423078e-06,-2.235649323461577e-05
	3.495108306940891e-04,6.233053175005401e-06
153		3.388441561392008e+08,1.099168575495125e-311
	0.000000000000000e+00,0.000000000000000e+00
	1.000000000000000e+00,0.000000000000000e+00
	-2.021649075488536e+00,5.565349609324952e-01
	-1.674147996095985e-06,-2.285862812378583e-05
	3.495017808424016e-04,6.380623483607403e-06
154		3.467368504525298e+08,1.099168575495125e-311
	0.000000000000000e+00,0.000000000000000e+00
	1.000000000000000e+00,0.000000000000000e+00
	-2.015207971660272e+00,5.677621015629662e-01
	-1.747703672666893e-06,-2.337124680586892e-05
	3.494923609639980e-04,6.531786413595932e-06
155		3.548133892335736e+08,1.099168575495125e-311
	0.000000000000000e+00,0.000000000000000e+00
	1.000000000000000e+00,0.000000000000000e+00
	-2.008505267847405e+00,5.791381562643231e-01
	-1.824246751864859e-06,-2.389452005633212e-05
	3.494825585042141e-04,6.686635050648310e-06
156		3.630780547700995e+08,1.099168575495125e-311
	0.000000000000000e+00,0.000000000000000e+00
	1.000000000000000e+00,0.000000000000000e+00
	-2.001532245371025e+00,5.906598292282278e-01
	-1.903876798900506e-06,-2.442861880375404e-05
	3.494723607120459e-04,6.845265138552194e-06
157		3.715352290971706e+08,1.099168575495125e-311
	0.000000000000000e+00,0.000000000000000e+00
	1.000000000000000e+00,0.000000000000000e+00
	-1.994280064554890e+00,6.023234015663956e-01
	-1.986694760599156e-06,-2.497371400343031e-05
	3.494617546597147e-04,7.007775157656742e-06
158		3.801893963205592e+08,1.099168575495125e-311
	0.000000000000000e+00,0.000000000000000e+00
	1.000000000000000e+00,0.000000000000000e+00
	-1.986739779548084e+00,6.141247104159520e-01
	-2.072802796342739e-06,-2.552997651186306e-05
	3.494507272640822e-04,7.174266404835696e-06
159		3.890451449942786e+08,1.099168575495125e-311
	0.000000000000000e+00,0.000000000000000e+00
	1.000000000000000e+00,0.000000000000000e+00
	-1.978902354909607e+00,6.260591279760661e-01
	-2.162304088636396e-06,-2.609757696317325e-05
	3.494392653109574e-04,7.344843074611526e-06
160		3.981071705534952e+08,1.099168575495125e-311
	0.000000000000000e+00,0.000000000000000e+00
	1.000000000000000e+00,0.000000000000000e+00
	-1.970758684073568e+00,6.381215406075536e-01
	-2.255302632308705e-06,-2.667668564889559e-05
	3.494273554820179e-04,7.519612341404935e-06
161		4.073802778041106e+08,1.099168575495125e-311
	0.000000000000000e+00,0.000000000000000e+00
	1.000000000000000e+00,0.000000000000000e+00
	-1.962299609751626e+00,6.503063281023138e-01
	-2.351903001268257e-06,-2.726747240257623e-05
	3.494149843849597e-04,7.698684442611824e-06
162		4.168693834703332e+08,1.099168575495125e-311
	0.000000000000000e+00,0.000000000000000e+00
	1.000000000000000e+00,0.000000000000000e+00
	-1.953515946420193e+00,6.626073433097902e-01
	-2.452210092028541e-06,-2.787010649108849e-05
	3.494021385859870e-04,7.882172762615815e-06
163		4.265795188015904e+08,1.099168575495125e-311
	0.000000000000000e+00,0.000000000000000e+00
	1.000000000000000e+00,0.000000000000000e+00
	-1.944398504883218e+00,6.750178922176698e-01
	-2.556328842923283e-06,-2.848475651422162e-05
	3.493888046460850e-04,8.070193917154836e-06
164		4.365158322401636e+08,1.099168575495125e-311
	0.000000000000000e+00,0.000000000000000e+00
	1.000000000000000e+00,0.000000000000000e+00
	-1.934938119072550e+00,6.875307147258392e-01
	-2.664363928481485e-06,-2.911159031490466e-05
	3.493749691596872e-04,8.262867838258516e-06
165		4.466835921509607e+08,1.099168575495125e-311
	0.000000000000000e+00,0.000000000000000e+00
	1.000000000000000e+00,0.000000000000000e+00
	-1.925125675011812e+00,7.001379662003497e-01
	-2.776419427931616e-06,-2.975077490176626e-05
	3.493606187979423e-04,8.460317858867819e-06
166		4.570881896148725e+08,1.099168575495125e-311
	0.000000000000000e+00,0.000000000000000e+00
	1.000000000000000e+00,0.000000000000000e+00
	-1.914952142188597e+00,7.128312001615921e-01
	-2.892598467896707e-06,-3.040247638715081e-05
	3.493457403534151e-04,8.662670797877617e-06
167		4.677351412871956e+08,1.099168575495125e-311
	0.000000000000000e+00,0.000000000000000e+00
	1.000000000000000e+00,0.000000000000000e+00
	-1.904408607115579e+00,7.256013521253135e-01
	-3.013002838162770e-06,-3.106685994215474e-05
	3.493303207903683e-04,8.870057044028267e-06
168		4.786300923226357e+08,1.099168575495125e-311
	0.000000000000000e+00,0.000000000000000e+00
	1.000000000000000e+00,0.000000000000000e+00
	-1.893486309355734e+00,7.384387250339084e-01
	-3.137732581163593e-06,-3.174408977239369e-05
	3.493143472963601e-04,9.082610639714856e-06
169		4.897788193684435e+08,1.099168575495125e-311
	0.000000000000000e+00,0.000000000000000e+00
	1.000000000000000e+00,0.000000000000000e+00
	-1.882176679777314e+00,7.513329763318330e-01
	-3.266885554471258e-06,-3.243432911642729e-05
	3.492978073389894e-04,9.300469363142857e-06
170		5.011872336272695e+08,1.099168575495125e-311
	0.000000000000000e+00,0.000000000000000e+00
	1.000000000000000e+00,0.000000000000000e+00
	-1.870471381181351e+00,7.642731070789962e-01
	-3.400556967134517e-06,-3.313774027050351e-05
	3.492806887249520e-04,9.523774809414470e-06
171		5.128613839913620e+08,1.099168575495125e-311
	0.000000000000000e+00,0.000000000000000e+00
	1.000000000000000e+00,0.000000000000000e+00
	-1.858362351168691e+00,7.772474532972465e-01
	-3.538838890130920e-06,-3.385448464239327e-05
	3.492629796627532e-04,9.752672469723040e-06
172		5.248074602497696e+08,1.099168575495125e-311
	0.000000000000000e+00,0.000000000000000e+00
	1.000000000000000e+00,0.000000000000000e+00
	-1.845841847191815e+00,7.902436798401682e-01
	-3.681819741838610e-06,-3.458472283761045e-05
	3.492446688286562e-04,9.987311808389793e-06
173		5.370317963702496e+08,1.099168575495125e-311
	0.000000000000000e+00,0.000000000000000e+00
	1.000000000000000e+00,0.000000000000000e+00
	-1.832902493695478e+00,8.032487770743173e-01
	-3.829583749725470e-06,-3.532861478134784e-05
	3.492257454355962e-04,1.022784633740995e-05
174		5.495408738576213e+08,1.099168575495125e-311
	0.000000000000000e+00,0.000000000000000e+00
	1.000000000000000e+00,0.000000000000000e+00
	-1.819537331204599e+00,8.162490606500521e-01
	-3.982210389736981e-06,-3.608631987944663e-05
	3.492061993050211e-04,1.047443368806930e-05
175		5.623413251903458e+08,1.099168575495125e-311
	0.000000000000000e+00,0.000000000000000e+00
	1.000000000000000e+00,0.000000000000000e+00
	-1.805739867217504e+00,8.292301746756996e-01
	-4.139773805399891e-06,-3.685799722189097e-05
	3.491860209409641e-04,1.072723567942937e-05
176		5.754399373371536e+08,1.099168575495125e-311
	0.000000000000000e+00,0.000000000000000e+00
	1.000000000000000e+00,0.000000000000000e+00
	-1.791504128633113e+00,8.421770985042638e-01
	-4.302342208552479e-06,-3.764380583183930e-05
	3.491652016074139e-04,1.098641838275555e-05
177		5.888436553555855e+08,1.099168575495125e-311
	0.000000000000000e+00,0.000000000000000e+00
	1.000000000000000e+00,0.000000000000000e+00
	-1.776824715588756e+00,8.550741575355405e-01
	-4.469977264995374e-06,-3.844390496404176e-05
	3.491437334064792e-04,1.125215218237735e-05
178		6.025595860743542e+08,1.099168575495125e-311
	0.000000000000000e+00,0.000000000000000e+00
	1.000000000000000e+00,0.000000000000000e+00
	-1.761696856336471e+00,8.679050382003635e-01
	-4.642733467688589e-06,-3.925845445536138e-05
	3.491216093588048e-04,1.152461183188836e-05
179		6.165950018614784e+08,1.099168575495125e-311
	0.000000000000000e+00,0.000000000000000e+00
	1.000000000000000e+00,0.000000000000000e+00
	-1.746116462898094e+00,8.806528074420875e-01
	-4.820657501349865e-06,-4.008761513069011e-05
	3.490988234847633e-04,1.180397650576273e-05
180		6.309573444801894e+08,1.099168575495125e-311
	0.000000000000000e+00,0.000000000000000e+00
	1.000000000000000e+00,0.000000000000000e+00
	-1.730080187096278e+00,8.932999368695166e-01
	-5.003787602126002e-06,-4.093154926680205e-05
	3.490753708869787e-04,1.209042984561429e-05
181		6.456542290346516e+08,1.099168575495125e-311
	0.000000000000000e+00,0.000000000000000e+00
	1.000000000000000e+00,0.000000000000000e+00
	-1.713585476662542e+00,9.058283319100907e-01
	-5.192152917409438e-06,-4.179042111717505e-05
	3.490512478316975e-04,1.238416000167573e-05
182		6.606934480075920e+08,1.099168575495125e-311
	0.000000000000000e+00,0.000000000000000e+00
	1.000000000000000e+00,0.000000000000000e+00
	-1.696630630891151e+00,9.182193660170013e-01
	-5.385772869982375e-06,-4.266439749942756e-05
	3.490264518305566e-04,1.268535966831478e-05
183		6.760829753919777e+08,1.099168575495125e-311
	0.000000000000000e+00,0.000000000000000e+00
	1.000000000000000e+00,0.000000000000000e+00
	-1.679214855440793e+00,9.304539201605496e-01
	-5.584656532218481e-06,-4.355364844752295e-05
	3.490009817207025e-04,1.299422611401362e-05
184		6.918309709189323e+08,1.099168575495125e-311
	0.000000000000000e+00,0.000000000000000e+00
	1.000000000000000e+00,0.000000000000000e+00
	-1.661338315778507e+00,9.425124277052517e-01
	-5.788802016003818e-06,-4.445834793004212e-05
	3.489748377426599e-04,1.331096120566658e-05
185		7.079457843841336e+08,1.099168575495125e-311
	0.000000000000000e+00,0.000000000000000e+00
	1.000000000000000e+00,0.000000000000000e+00
	-1.643002188691618e+00,9.543749246611009e-01
	-5.998195883963669e-06,-4.537867463504500e-05
	3.489480216163105e-04,1.363577142659015e-05
186		7.244359600749856e+08,1.099168575495125e-311
	0.000000000000000e+00,0.000000000000000e+00
	1.000000000000000e+00,0.000000000000000e+00
	-1.624208711410278e+00,9.660211054666692e-01
	-6.212812589223067e-06,-4.631481282231312e-05
	3.489205366118369e-04,1.396886788944476e-05
187		7.413102413009130e+08,1.099168575495125e-311
	0.000000000000000e+00,0.000000000000000e+00
	1.000000000000000e+00,0.000000000000000e+00
	-1.604961227641420e+00,9.774303840605200e-01
	-6.432613949082251e-06,-4.726695324177144e-05
	3.488923876178228e-04,1.431046634266793e-05
188		7.585775750291791e+08,1.099168575495125e-311
	0.000000000000000e+00,0.000000000000000e+00
	1.000000000000000e+00,0.000000000000000e+00
	-1.585264230036281e+00,9.885819603083810e-01
	-6.657548660446091e-06,-4.823529411762433e-05
	3.488635812028722e-04,1.466078717203873e-05
189		7.762471166286869e+08,1.099168575495125e-311
	0.000000000000000e+00,0.000000000000000e+00
	1.000000000000000e+00,0.000000000000000e+00
	-1.565123398414598e+00,9.994548914790420e-01
	-6.887551863033959e-06,-4.922004219580433e-05
	3.488341256718562e-04,1.502005539665983e-05
190		7.943282347242765e+08,1.099168575495125e-311
	0.000000000000000e+00,0.000000000000000e+00
	1.000000000000000e+00,0.000000000000000e+00
	-1.544545633205948e+00,1.010028168627628e+00
	-7.122544757907302e-06,-5.022141385241207e-05
	3.488040311143060e-04,1.538850066064136e-05
191		8.128305161640941e+08,1.099168575495125e-311
	0.000000000000000e+00,0.000000000000000e+00
	1.000000000000000e+00,0.000000000000000e+00
	-1.523539083445724e+00,1.020280797427489e+00
	-7.362434287130217e-06,-5.123963625913060e-05
	3.487733094461362e-04,1.576635721985817e-05
192		8.317637711026657e+08,1.099168575495125e-311
	0.000000000000000e+00,0.000000000000000e+00
	1.000000000000000e+00,0.000000000000000e+00
	-1.502113168844261e+00,1.030191883241910e+00
	-7.607112882396312e-06,-5.227494860187323e-05
	3.487419744411206e-04,1.615386392597475e-05
193		8.511380382023710e+08,1.099168575495125e-311
	0.000000000000000e+00,0.000000000000000e+00
	1.000000000000000e+00,0.000000000000000e+00
	-1.480278595295706e+00,1.039740719794420e+00
	-7.856458287690802e-06,-5.332760334684940e-05
	3.487100417538579e-04,1.655126420703422e-05
194		8.709635899560751e+08,1.099168575495125e-311
	0.000000000000000e+00,0.000000000000000e+00
	1.000000000000000e+00,0.000000000000000e+00
	-1.458047363349589e+00,1.048906880952783e+00
	-8.110333462181284e-06,-5.439786754820868e-05
	3.486775289326154e-04,1.695880604591871e-05
195		8.912509381337398e+08,1.099168575495125e-311
	0.000000000000000e+00,0.000000000000000e+00
	1.000000000000000e+00,0.000000000000000e+00
	-1.435432769216414e+00,1.057670315109227e+00
	-8.368586569371225e-06,-5.548602419067068e-05
	3.486444554200131e-04,1.737674195850970e-05
196		9.120108393559039e+08,1.099168575495125e-311
	0.000000000000000e+00,0.000000000000000e+00
	1.000000000000000e+00,0.000000000000000e+00
	-1.412449397833105e+00,1.066011441308886e+00
	-8.631051055901514e-06,-5.659237355900686e-05
	3.486108425433652e-04,1.780532897111088e-05
197		9.332543007969850e+08,1.099168575495125e-311
	0.000000000000000e+00,0.000000000000000e+00
	1.000000000000000e+00,0.000000000000000e+00
	-1.389113107699498e+00,1.073911246506128e+00
	-8.897545824768922e-06,-5.771723462642311e-05
	3.485767134924359e-04,1.824482859935111e-05
198		9.549925860214298e+08,1.099168575495125e-311
	0.000000000000000e+00,0.000000000000000e+00
	1.000000000000000e+00,0.000000000000000e+00
	-1.365441007209174e+00,1.081351383123232e+00
	-9.167875505752789e-06,-5.886094645280011e-05
	3.485420932846645e-04,1.869550682954613e-05
199		9.772372209558043e+08,1.099168575495125e-311
	0.000000000000000e+00,0.000000000000000e+00
	1.000000000000000e+00,0.000000000000000e+00
	-1.341451422287965e+00,1.088314266035310e+00
	-9.441830824781856e-06,-6.002386958325087e-05
	3.485070087180757e-04,1.915763410347944e-05
200		9.999999999999934e+08,1.099168575495125e-311
	0.000000000000000e+00,0.000000000000000e+00
	1.000000000000000e+00,0.000000000000000e+00
	-1.317163855274663e+00,1.094783168167142e+00
	-9.719189073721773e-06,-6.120638743728479e-05
	3.484714883108797e-04,1.963148530855793e-05
201		1.023292992280747e+09,1.099168575495125e-311
	0.000000000000000e+00,0.000000000000000e+00
	1.000000000000000e+00,0.000000000000000e+00
	-1.292598935039686e+00,1.100742313731295e+00
	-9.999714679831071e-06,-6.240890767827762e-05
	3.484355622287395e-04,2.011733977405861e-05
202		1.047128548050893e+09,1.099168575495125e-311
	0.000000000000000e+00,0.000000000000000e+00
	1.000000000000000e+00,0.000000000000000e+00
	-1.267778358477575e+00,1.106176968256177e+00
	-1.028315987405052e-05,-6.363186355311588e-05
	3.483992621990232e-04,2.061548127548543e-05
203		1.071519305237599e+09,1.099168575495125e-311
	0.000000000000000e+00,0.000000000000000e+00
	1.000000000000000e+00,0.000000000000000e+00
	-1.242724823588099e+00,1.111073524443208e+00
	-1.056926545511312e-05,-6.487571519166360e-05
	3.483626214130449e-04,2.112619804795335e-05
204		1.096478196143178e+09,1.099168575495125e-311
	0.000000000000000e+00,0.000000000000000e+00
	1.000000000000000e+00,0.000000000000000e+00
	-1.217461954487677e+00,1.115419582980474e+00
	-1.085776164584647e-05,-6.614095085603792e-05
	3.483256744164552e-04,2.164978281021641e-05
205		1.122018454301956e+09,1.099168575495125e-311
	0.000000000000000e+00,0.000000000000000e+00
	1.000000000000000e+00,0.000000000000000e+00
	-1.192014218795950e+00,1.119204027469587e+00
	-1.114836903684394e-05,-6.742808812999177e-05
	3.482884569881182e-04,2.218653280095138e-05
206		1.148153621496875e+09,1.099168575495125e-311
	0.000000000000000e+00,0.000000000000000e+00
	1.000000000000000e+00,0.000000000000000e+00
	-1.166406837935178e+00,1.122417092567695e+00
	-1.144079961051693e-05,-6.873767503909288e-05
	3.482510060093045e-04,2.273674982774021e-05
207		1.174897554939522e+09,1.099168575495125e-311
	0.000000000000000e+00,0.000000000000000e+00
	1.000000000000000e+00,0.000000000000000e+00
	-1.140665691003215e+00,1.125050424673307e+00
	-1.173475783901560e-05,-7.007029109328472e-05
	3.482133593228935e-04,2.330074033095812e-05
208		1.202264434617405e+09,1.099168575495125e-311
	0.000000000000000e+00,0.000000000000000e+00
	1.000000000000000e+00,0.000000000000000e+00
	-1.114817212951787e+00,1.127097134412993e+00
	-1.202994184708712e-05,-7.142654824403343e-05
	3.481755555843632e-04,2.387881546311464e-05
209		1.230268770812373e+09,1.099168575495125e-311
	0.000000000000000e+00,0.000000000000000e+00
	1.000000000000000e+00,0.000000000000000e+00
	-1.088888287895199e+00,1.128551840298997e+00
	-1.232604463020351e-05,-7.280709174932442e-05
	3.481376341060787e-04,2.447129118432087e-05
210		1.258925411794159e+09,1.099168575495125e-311
	0.000000000000000e+00,0.000000000000000e+00
	1.000000000000000e+00,0.000000000000000e+00
	-1.062906138449443e+00,1.129410703128152e+00
	-1.262275531858616e-05,-7.421260094089740e-05
	3.480996346950775e-04,2.507848837570550e-05
211		1.288249551693125e+09,1.099168575495125e-311
	0.000000000000000e+00,0.000000000000000e+00
	1.000000000000000e+00,0.000000000000000e+00
	-1.036898212053957e+00,1.129671450611621e+00
	-1.291976047510839e-05,-7.564378988923313e-05
	3.480615974871572e-04,2.570073297020137e-05
212		1.318256738556398e+09,1.099168575495125e-311
	0.000000000000000e+00,0.000000000000000e+00
	1.000000000000000e+00,0.000000000000000e+00
	-1.010892065280087e+00,1.129333392045505e+00
	-1.321674541675085e-05,-7.710140796315885e-05
	3.480235627773253e-04,2.633835610250848e-05
213		1.348962882591645e+09,1.099168575495125e-311
	0.000000000000000e+00,0.000000000000000e+00
	1.000000000000000e+00,0.000000000000000e+00
	-9.849152471596170e-01,1.128397422750484e+00
	-1.351339554675006e-05,-7.858624028228239e-05
	3.479855708494318e-04,2.699169427735737e-05
214		1.380384264602875e+09,1.099168575495125e-311
	0.000000000000000e+00,0.000000000000000e+00
	1.000000000000000e+00,0.000000000000000e+00
	-9.589951825809339e-01,1.126866018298226e+00
	-1.380939768625830e-05,-8.009910806184987e-05
	3.479476618055478e-04,2.766108955715159e-05
215		1.412537544622745e+09,1.099168575495125e-311
	0.000000000000000e+00,0.000000000000000e+00
	1.000000000000000e+00,0.000000000000000e+00
	-9.331590567992587e-01,1.124743218568001e+00
	-1.410444139328050e-05,-8.164086885102759e-05
	3.479098753969775e-04,2.834688976866726e-05
216		1.445439770745918e+09,1.099168575495125e-311
	0.000000000000000e+00,0.000000000000000e+00
	1.000000000000000e+00,0.000000000000000e+00
	-9.074337020951713e-01,1.122034601798531e+00
	-1.439822025679609e-05,-8.321241666706278e-05
	3.478722508587573e-04,2.904944872823746e-05
217		1.479108388168197e+09,1.099168575495125e-311
	0.000000000000000e+00,0.000000000000000e+00
	1.000000000000000e+00,0.000000000000000e+00
	-8.818454875676308e-01,1.118747249024904e+00
	-1.469043315569089e-05,-8.481468202893947e-05
	3.478348267479944e-04,2.976912648626184e-05
218		1.513561248436198e+09,1.099168575495125e-311
	0.000000000000000e+00,0.000000000000000e+00
	1.000000000000000e+00,0.000000000000000e+00
	-8.564202130294648e-01,1.114889699189757e+00
	-1.498078547000785e-05,-8.644863189580147e-05
	3.477976407892321e-04,3.050628958858061e-05
219		1.548816618912470e+09,1.099168575495125e-311
	0.000000000000000e+00,0.000000000000000e+00
	1.000000000000000e+00,0.000000000000000e+00
	-8.311830078710130e-01,1.110471895600505e+00
	-1.526899023624019e-05,-8.811526951609260e-05
	3.477607297261201e-04,3.126131135625050e-05
220		1.584893192461102e+09,1.099168575495125e-311
	0.000000000000000e+00,0.000000000000000e+00
	1.000000000000000e+00,0.000000000000000e+00
	-8.061582357244368e-01,1.105505124233495e+00
	-1.555476923586859e-05,-8.981563419496857e-05
	3.477241291822037e-04,3.203457218113750e-05
221		1.621810097358918e+09,1.099168575495125e-311
	0.000000000000000e+00,0.000000000000000e+00
	1.000000000000000e+00,0.000000000000000e+00
	-7.813694056450842e-01,1.100001944658247e+00
	-1.583785400974326e-05,-9.155080098808199e-05
	3.476878735309138e-04,3.282645983750934e-05
222		1.659586907437549e+09,1.099168575495125e-311
	0.000000000000000e+00,0.000000000000000e+00
	1.000000000000000e+00,0.000000000000000e+00
	-7.568390904505803e-01,1.093976114322629e+00
	-1.611798679065371e-05,-9.332188033088383e-05
	3.476519957761143e-04,3.363736980812939e-05
223		1.698243652461732e+09,1.099168575495125e-311
	0.000000000000000e+00,0.000000000000000e+00
	1.000000000000000e+00,0.000000000000000e+00
	-7.325888527541763e-01,1.087442507025501e+00
	-1.639492134793347e-05,-9.513001761319868e-05
	3.476165274440242e-04,3.446770562368843e-05
224		1.737800828749363e+09,1.099168575495125e-311
	0.000000000000000e+00,0.000000000000000e+00
	1.000000000000000e+00,0.000000000000000e+00
	-7.086391791152129e-01,1.080417026469810e+00
	-1.666842373951253e-05,-9.697639270919821e-05
	3.475814984868349e-04,3.531787921480472e-05
225		1.778279410038910e+09,1.099168575495125e-311
	0.000000000000000e+00,0.000000000000000e+00
	1.000000000000000e+00,0.000000000000000e+00
	-6.850094226294464e-01,1.072916515785769e+00
	-1.693827296762740e-05,-9.886221947333107e-05
	3.475469371986235e-04,3.618831127525792e-05
226		1.819700858609970e+09,1.099168575495125e-311
	0.000000000000000e+00,0.000000000000000e+00
	1.000000000000000e+00,0.000000000000000e+00
	-6.617177541821522e-01,1.064958663911626e+00
	-1.720426153535699e-05,-1.007887452130734e-04
	3.475128701442393e-04,3.707943163472810e-05
227		1.862087136662854e+09,1.099168575495125e-311
	0.000000000000000e+00,0.000000000000000e+00
	1.000000000000000e+00,0.000000000000000e+00
	-6.387811224571787e-01,1.056561909782053e+00
	-1.746619590333674e-05,-1.027572501490216e-04
	3.474793221007900e-04,3.799167964053344e-05
228		1.905460717963233e+09,1.099168575495125e-311
	0.000000000000000e+00,0.000000000000000e+00
	1.000000000000000e+00,0.000000000000000e+00
	-6.162152227015737e-01,1.047745345222670e+00
	-1.772389684665401e-05,-1.047690468728352e-04
	3.474463160117232e-04,3.892550454723857e-05
229		1.949844599758031e+09,1.099168575495125e-311
	0.000000000000000e+00,0.000000000000000e+00
	1.000000000000000e+00,0.000000000000000e+00
	-5.940344741684476e-01,1.038528617380419e+00
	-1.797719971231345e-05,-1.068254798136144e-04
	3.474138729540058e-04,3.988136591205370e-05
230		1.995262314968865e+09,1.099168575495125e-311
	0.000000000000000e+00,0.000000000000000e+00
	1.000000000000000e+00,0.000000000000000e+00
	-5.722520060318818e-01,1.028931831569686e+00
	-1.822595458012003e-05,-1.089279247222896e-04
	3.473820121174872e-04,4.085973399583247e-05
231		2.041737944669514e+09,1.099168575495125e-311
	0.000000000000000e+00,0.000000000000000e+00
	1.000000000000000e+00,0.000000000000000e+00
	-5.508796515070613e-01,1.018975455307718e+00
	-1.847002632985002e-05,-1.110777881834433e-04
	3.473507507962763e-04,4.186109016833811e-05
232		2.089296130854024e+09,1.099168575495125e-311
	0.000000000000000e+00,0.000000000000000e+00
	1.000000000000000e+00,0.000000000000000e+00
	-5.299279498225171e-01,1.008680224281804e+00
	-1.870929461884239e-05,-1.132765071631817e-04
	3.473201043914920e-04,4.288592731706119e-05
233		2.137962089502216e+09,1.099168575495125e-311
	0.000000000000000e+00,0.000000000000000e+00
	1.000000000000000e+00,0.000000000000000e+00
	-5.094061556441715e-01,9.980670508949934e-01
	-1.894365377428984e-05,-1.155255486013067e-04
	3.472900864251620e-04,4.393475025812438e-05
234		2.187761623949536e+09,1.099168575495125e-311
	0.000000000000000e+00,0.000000000000000e+00
	1.000000000000000e+00,0.000000000000000e+00
	-4.893222554622285e-01,9.871569360288859e-01
	-1.917301260621300e-05,-1.178264090546932e-04
	3.472607085640622e-04,4.500807614938379e-05
235		2.238721138568323e+09,1.099168575495125e-311
	0.000000000000000e+00,0.000000000000000e+00
	1.000000000000000e+00,0.000000000000000e+00
	-4.696829904417428e-01,9.759708845267210e-01
	-1.939729414647010e-05,-1.201806143986062e-04
	3.472319806531951e-04,4.610643490434545e-05
236		2.290867652767756e+09,1.099168575495125e-311
	0.000000000000000e+00,0.000000000000000e+00
	1.000000000000000e+00,0.000000000000000e+00
	-4.504938851708629e-01,9.645298248803605e-01
	-1.961643532055183e-05,-1.225897195912880e-04
	3.472039107577279e-04,4.723036960702044e-05
237		2.344228815319904e+09,1.099168575495125e-311
	0.000000000000000e+00,0.000000000000000e+00
	1.000000000000000e+00,0.000000000000000e+00
	-4.317592817409723e-01,9.528545334879549e-01
	-1.983038655840692e-05,-1.250553085067809e-04
	3.471765052128272e-04,4.838043692682488e-05
238		2.398832919019472e+09,1.099168575495125e-311
	0.000000000000000e+00,0.000000000000000e+00
	1.000000000000000e+00,0.000000000000000e+00
	-4.134823785596677e-01,9.409655638033716e-01
	-2.003911135125914e-05,-1.275789938397869e-04
	3.471497686803682e-04,4.955720753350727e-05
239		2.454708915685011e+09,1.099168575495125e-311
	0.000000000000000e+00,0.000000000000000e+00
	1.000000000000000e+00,0.000000000000000e+00
	-3.956652733056311e-01,9.288831806047519e-01
	-2.024258576102494e-05,-1.301624170858482e-04
	3.471237042118246e-04,5.076126651155490e-05
240		2.511886431509561e+09,1.099168575495125e-311
	0.000000000000000e+00,0.000000000000000e+00
	1.000000000000000e+00,0.000000000000000e+00
	-3.783090094074661e-01,9.166272995772211e-01
	-2.044079788970762e-05,-1.328072485987439e-04
	3.470983133160418e-04,5.199321377485140e-05
241		2.570395782768844e+09,1.099168575495125e-311
	0.000000000000000e+00,0.000000000000000e+00
	1.000000000000000e+00,0.000000000000000e+00
	-3.614136254851235e-01,9.042174322772961e-01
	-2.063374731474193e-05,-1.355151877272453e-04
	3.470735960316128e-04,5.325366448045326e-05
242		2.630267991895361e+09,1.099168575495125e-311
	0.000000000000000e+00,0.000000000000000e+00
	1.000000000000000e+00,0.000000000000000e+00
	-3.449782071634396e-01,8.916726365444267e-01
	-2.082144449732697e-05,-1.382879630317436e-04
	3.470495510026278e-04,5.454324944236047e-05
243		2.691534803926895e+09,1.099168575495125e-311
	0.000000000000000e+00,0.000000000000000e+00
	1.000000000000000e+00,0.000000000000000e+00
	-3.290009407055242e-01,8.790114723441207e-01
	-2.100391017005881e-05,-1.411273325809310e-04
	3.470261755569837e-04,5.586261554554905e-05
244		2.754228703338145e+09,1.099168575495125e-311
	0.000000000000000e+00,0.000000000000000e+00
	1.000000000000000e+00,0.000000000000000e+00
	-3.134791679571886e-01,8.662519629587581e-01
	-2.118117470946040e-05,-1.440350843285435e-04
	3.470034657867754e-04,5.721242615990978e-05
245		2.818382931264431e+09,1.099168575495125e-311
	0.000000000000000e+00,0.000000000000000e+00
	1.000000000000000e+00,0.000000000000000e+00
	-2.984094420931934e-01,8.534115614310972e-01
	-2.135327749945464e-05,-1.470130365689371e-04
	3.469814166297353e-04,5.859336155513116e-05
246		2.884031503126583e+09,1.099168575495125e-311
	0.000000000000000e+00,0.000000000000000e+00
	1.000000000000000e+00,0.000000000000000e+00
	-2.837875837175524e-01,8.405071220945524e-01
	-2.152026629073616e-05,-1.500630384704536e-04
	3.469600219512630e-04,6.000611931646554e-05
247		2.951209226666362e+09,1.099168575495125e-311
	0.000000000000000e+00,0.000000000000000e+00
	1.000000000000000e+00,0.000000000000000e+00
	-2.696087368845778e-01,8.275548770125676e-01
	-2.168219656112705e-05,-1.531869706846213e-04
	3.469392746262440e-04,6.145141476230259e-05
248		3.019951720401992e+09,1.099168575495125e-311
	0.000000000000000e+00,0.000000000000000e+00
	1.000000000000000e+00,0.000000000000000e+00
	-2.558674246702883e-01,8.145704170959268e-01
	-2.183913088096318e-05,-1.563867460295440e-04
	3.469191666203378e-04,6.292998136344433e-05
249		3.090295432513566e+09,1.099168575495125e-311
	0.000000000000000e+00,0.000000000000000e+00
	1.000000000000000e+00,0.000000000000000e+00
	-2.425576039347167e-01,8.015686776699948e-01
	-2.199113828778415e-05,-1.596643102448780e-04
	3.468996890700056e-04,6.444257116520391e-05
250		3.162277660168354e+09,1.099168575495125e-311
	0.000000000000000e+00,0.000000000000000e+00
	1.000000000000000e+00,0.000000000000000e+00
	-2.296727189673596e-01,7.885639282316617e-01
	-2.213829367383111e-05,-1.630216428159015e-04
	3.468808323608391e-04,6.598995521293658e-05
251		3.235936569296257e+09,1.099168575495125e-311
	0.000000000000000e+00,0.000000000000000e+00
	1.000000000000000e+00,0.000000000000000e+00
	-2.172057537631389e-01,7.755697661095616e-01
	-2.228067718905309e-05,-1.664607578645142e-04
	3.468625862040484e-04,6.757292398088773e-05
252		3.311311214825884e+09,1.099168575495125e-311
	0.000000000000000e+00,0.000000000000000e+00
	1.000000000000000e+00,0.000000000000000e+00
	-2.051492826737940e-01,7.625991137652615e-01
	-2.241837366279832e-05,-1.699837051038293e-04
	3.468449397104103e-04,6.919228780601560e-05
253		3.388441561391998e+09,1.099168575495125e-311
	0.000000000000000e+00,0.000000000000000e+00
	1.000000000000000e+00,0.000000000000000e+00
	-1.934955192551110e-01,7.496642194348666e-01
	-2.255147204605628e-05,-1.735925708540374e-04
	3.468278814616446e-04,7.084887732672904e-05
254		3.467368504525289e+09,1.099168575495125e-311
	0.000000000000000e+00,0.000000000000000e+00
	1.000000000000000e+00,0.000000000000000e+00
	-1.822363631481923e-01,7.367766608242933e-01
	-2.268006487611333e-05,-1.772894791167973e-04
	3.468113995789599e-04,7.254354392720081e-05
255		3.548133892335726e+09,1.099168575495125e-311
	0.000000000000000e+00,0.000000000000000e+00
	1.000000000000000e+00,0.000000000000000e+00
	-1.713634448521784e-01,7.239473515819330e-01
	-2.280424776538578e-05,-1.810765927050231e-04
	3.467954817883978e-04,7.427716018854168e-05
256		3.630780547700984e+09,1.099168575495125e-311
	0.000000000000000e+00,0.000000000000000e+00
	1.000000000000000e+00,0.000000000000000e+00
	-1.608681683085521e-01,7.111865502540829e-01
	-2.292411891515462e-05,-1.849561144259768e-04
	3.467801154830848e-04,7.605062034663226e-05
257		3.715352290971695e+09,1.099168575495125e-311
	0.000000000000000e+00,0.000000000000000e+00
	1.000000000000000e+00,0.000000000000000e+00
	-1.507417512118817e-01,6.985038714598295e-01
	-2.303977865531956e-05,-1.889302883146793e-04
	3.467652877820946e-04,7.786484075792676e-05
258		3.801893963205581e+09,1.099168575495125e-311
	0.000000000000000e+00,0.000000000000000e+00
	1.000000000000000e+00,0.000000000000000e+00
	-1.409752630062945e-01,6.859082990175981e-01
	-2.315132901059041e-05,-1.930014009153285e-04
	3.467509855859131e-04,7.972076037368070e-05
259		3.890451449942774e+09,1.099168575495125e-311
	0.000000000000000e+00,0.000000000000000e+00
	1.000000000000000e+00,0.000000000000000e+00
	-1.315596605534858e-01,6.734082007656365e-01
	-2.325887329321469e-05,-1.971717826086896e-04
	3.467371956285669e-04,8.161934122286011e-05
260		3.981071705534939e+09,1.099168575495125e-311
	0.000000000000000e+00,0.000000000000000e+00
	1.000000000000000e+00,0.000000000000000e+00
	-1.224858214544092e-01,6.610113448456520e-01
	-2.336251572258931e-05,-2.014438089827633e-04
	3.467239045262106e-04,8.356156890516565e-05
261		4.073802778041093e+09,1.099168575495125e-311
	0.000000000000000e+00,0.000000000000000e+00
	1.000000000000000e+00,0.000000000000000e+00
	-1.137445750625162e-01,6.487249172098765e-01
	-2.346236107115118e-05,-2.058199022454497e-04
	3.467110988224421e-04,8.554845309377818e-05
262		4.168693834703319e+09,1.099168575495125e-311
	0.000000000000000e+00,0.000000000000000e+00
	1.000000000000000e+00,0.000000000000000e+00
	-1.053267312015879e-01,6.365555401498847e-01
	-2.355851433656446e-05,-2.103025326767167e-04
	3.466987650301584e-04,8.758102804942445e-05
263		4.265795188015891e+09,1.099168575495125e-311
	0.000000000000000e+00,0.000000000000000e+00
	1.000000000000000e+00,0.000000000000000e+00
	-9.722310665488081e-02,6.245092916375756e-01
	-2.365108043929059e-05,-2.148942201193356e-04
	3.466868896702368e-04,8.966035314537210e-05
264		4.365158322401623e+09,1.099168575495125e-311
	0.000000000000000e+00,0.000000000000000e+00
	1.000000000000000e+00,0.000000000000000e+00
	-8.942454946849283e-02,6.125917253030191e-01
	-2.374016394517686e-05,-2.195975355061804e-04
	3.466754593069508e-04,9.178751340473674e-05
265		4.466835921509593e+09,1.099168575495125e-311
	0.000000000000000e+00,0.000000000000000e+00
	1.000000000000000e+00,0.000000000000000e+00
	-8.192196114602918e-02,6.008078908753351e-01
	-2.382586881211911e-05,-2.244151024231218e-04
	3.466644605803114e-04,9.396362005025078e-05
266		4.570881896148711e+09,1.099168575495125e-311
	0.000000000000000e+00,0.000000000000000e+00
	1.000000000000000e+00,0.000000000000000e+00
	-7.470631681470062e-02,5.891623549307600e-01
	-2.390829815986889e-05,-2.293495987065847e-04
	3.466538802354687e-04,9.618981106685365e-05
267		4.677351412871942e+09,1.099168575495125e-311
	0.000000000000000e+00,0.000000000000000e+00
	1.000000000000000e+00,0.000000000000000e+00
	-6.776868343665182e-02,5.776592218119376e-01
	-2.398755406220502e-05,-2.344037580745104e-04
	3.466437051492057e-04,9.846725177814195e-05
268		4.786300923226342e+09,1.099168575495125e-311
	0.000000000000000e+00,0.000000000000000e+00
	1.000000000000000e+00,0.000000000000000e+00
	-6.110023616207518e-02,5.663021545879694e-01
	-2.406373736031250e-05,-2.395803717903317e-04
	3.466339223537323e-04,1.007971354367511e-04
269		4.897788193684420e+09,1.099168575495125e-311
	0.000000000000000e+00,0.000000000000000e+00
	1.000000000000000e+00,0.000000000000000e+00
	-5.469227291315281e-02,5.550943959433716e-01
	-2.413694749637187e-05,-2.448822903593180e-04
	3.466245190578831e-04,1.031806838293074e-04
270		5.011872336272679e+09,1.099168575495125e-311
	0.000000000000000e+00,0.000000000000000e+00
	1.000000000000000e+00,0.000000000000000e+00
	-4.853622729324331e-02,5.440387888952979e-01
	-2.420728236627947e-05,-2.503124252569326e-04
	3.466154826658633e-04,1.056191478964138e-04
271		5.128613839913604e+09,1.099168575495125e-311
	0.000000000000000e+00,0.000000000000000e+00
	1.000000000000000e+00,0.000000000000000e+00
	-4.262367991403768e-02,5.331377972514553e-01
	-2.427483819045090e-05,-2.558737506888710e-04
	3.466068007936606e-04,1.081138083682928e-04
272		5.248074602497680e+09,1.099168575495125e-311
	0.000000000000000e+00,0.000000000000000e+00
	1.000000000000000e+00,0.000000000000000e+00
	-3.694636824131074e-02,5.223935257296983e-01
	-2.433970940153442e-05,-2.615693053829354e-04
	3.465984612833006e-04,1.106659764162468e-04
273		5.370317963702479e+09,1.099168575495125e-311
	0.000000000000000e+00,0.000000000000000e+00
	1.000000000000000e+00,0.000000000000000e+00
	-3.149619504907718e-02,5.118077396746950e-01
	-2.440198854803279e-05,-2.674021944126006e-04
	3.465904522150500e-04,1.132769943206840e-04
274		5.495408738576197e+09,1.099168575495125e-311
	0.000000000000000e+00,0.000000000000000e+00
	1.000000000000000e+00,0.000000000000000e+00
	-2.626523557739276e-02,5.013818843143335e-01
	-2.446176621273613e-05,-2.733755910525464e-04
	3.465827619177162e-04,1.159482361560612e-04
275		5.623413251903440e+09,1.099168575495125e-311
	0.000000000000000e+00,0.000000000000000e+00
	1.000000000000000e+00,0.000000000000000e+00
	-2.124574348678967e-02,4.911171035079974e-01
	-2.451913094490020e-05,-2.794927386665534e-04
	3.465753789771852e-04,1.186811084930950e-04
276		5.754399373371517e+09,1.099168575495125e-311
	0.000000000000000e+00,0.000000000000000e+00
	1.000000000000000e+00,0.000000000000000e+00
	-1.643015569651294e-02,4.810142579482798e-01
	-2.457416920518233e-05,-2.857569526281240e-04
	3.465682922433163e-04,1.214770511187955e-04
277		5.888436553555836e+09,1.099168575495125e-311
	0.000000000000000e+00,0.000000000000000e+00
	1.000000000000000e+00,0.000000000000000e+00
	-1.181109619245470e-02,4.710739427847877e-01
	-2.462696532235405e-05,-2.921716222743564e-04
	3.465614908353185e-04,1.243375377747883e-04
278		6.025595860743522e+09,1.099168575495125e-311
	0.000000000000000e+00,0.000000000000000e+00
	1.000000000000000e+00,0.000000000000000e+00
	-7.381378888487223e-03,4.612965046453871e-01
	-2.467760146083082e-05,-2.987402128937598e-04
	3.465549641457361e-04,1.272640769143193e-04
279		6.165950018614764e+09,1.099168575495125e-311
	0.000000000000000e+00,0.000000000000000e+00
	1.000000000000000e+00,0.000000000000000e+00
	-3.134009623121647e-03,4.516820580363066e-01
	-2.472615759808387e-05,-3.054662677488808e-04
	3.465487018431627e-04,1.302582124782164e-04
280		6.309573444801873e+09,1.099168575495125e-311
	0.000000000000000e+00,0.000000000000000e+00
	1.000000000000000e+00,0.000000000000000e+00
	9.378126388173748e-04,4.422305011101699e-01
	-2.477271151114511e-05,-3.123534101342529e-04
	3.465426938737775e-04,1.333215246906724e-04
281		6.456542290346495e+09,1.099168575495125e-311
	0.000000000000000e+00,0.000000000000000e+00
	1.000000000000000e+00,0.000000000000000e+00
	4.840695320861719e-03,4.329415307930184e-01
	-2.481733877129908e-05,-3.194053454709119e-04
	3.465369304618286e-04,1.364556308748568e-04
282		6.606934480075898e+09,1.099168575495125e-311
	0.000000000000000e+00,0.000000000000000e+00
	1.000000000000000e+00,0.000000000000000e+00
	8.581052399722419e-03,4.238146572681098e-01
	-2.486011274621310e-05,-3.266258634383668e-04
	3.465314021091517e-04,1.396621862889356e-04
283		6.760829753919754e+09,1.099168575495125e-311
	0.000000000000000e+00,0.000000000000000e+00
	1.000000000000000e+00,0.000000000000000e+00
	1.216510515968110e-02,4.148492178182648e-01
	-2.490110460880990e-05,-3.340188401448528e-04
	3.465260995938169e-04,1.429428849832456e-04
284		6.918309709189300e+09,1.099168575495125e-311
	0.000000000000000e+00,0.000000000000000e+00
	1.000000000000000e+00,0.000000000000000e+00
	1.559888346841395e-02,4.060443900299167e-01
	-2.494038335210943e-05,-3.415882403374122e-04
	3.465210139679999e-04,1.462994606785311e-04
285		7.079457843841312e+09,1.099168575495125e-311
	0.000000000000000e+00,0.000000000000000e+00
	1.000000000000000e+00,0.000000000000000e+00
	1.888822752485583e-02,3.973992043678173e-01
	-2.497801580947132e-05,-3.493381196525576e-04
	3.465161365551511e-04,1.497336876662544e-04
286		7.244359600749832e+09,1.099168575495125e-311
	0.000000000000000e+00,0.000000000000000e+00
	1.000000000000000e+00,0.000000000000000e+00
	2.203879002110585e-02,3.889125561296558e-01
	-2.501406667957995e-05,-3.572726269090293e-04
	3.465114589465478e-04,1.532473817310927e-04
287		7.413102413009105e+09,1.099168575495125e-311
	0.000000000000000e+00,0.000000000000000e+00
	1.000000000000000e+00,0.000000000000000e+00
	2.505603867040791e-02,3.805832167932375e-01
	-2.504859855562550e-05,-3.653960064438497e-04
	3.465069729972943e-04,1.568424010962090e-04
288		7.585775750291765e+09,1.099168575495125e-311
	0.000000000000000e+00,0.000000000000000e+00
	1.000000000000000e+00,0.000000000000000e+00
	2.794525905585031e-02,3.724098447704691e-01
	-2.508167195816123e-05,-3.737126004929676e-04
	3.465026708218392e-04,1.605206473918331e-04
289		7.762471166286843e+09,1.099168575495125e-311
	0.000000000000000e+00,0.000000000000000e+00
	1.000000000000000e+00,0.000000000000000e+00
	3.071155775735463e-02,3.643909955838028e-01
	-2.511334537115020e-05,-3.822268516178548e-04
	3.464985447890770e-04,1.642840666476695e-04
290		7.943282347242739e+09,1.099168575495125e-311
	0.000000000000000e+00,0.000000000000000e+00
	1.000000000000000e+00,0.000000000000000e+00
	3.335986571526937e-02,3.565251314818445e-01
	-2.514367528073821e-05,-3.909433051796342e-04
	3.464945875170777e-04,1.681346503094401e-04
291		8.128305161640914e+09,1.099168575495125e-311
	0.000000000000000e+00,0.000000000000000e+00
	1.000000000000000e+00,0.000000000000000e+00
	3.589494179772879e-02,3.488106305123489e-01
	-2.517271621636394e-05,-3.998666118619773e-04
	3.464907918675092e-04,1.720744362803564e-04
292		8.317637711026629e+09,1.099168575495125e-311
	0.000000000000000e+00,0.000000000000000e+00
	1.000000000000000e+00,0.000000000000000e+00
	3.832137653679160e-02,3.412457950710039e-01
	-2.520052079381301e-05,-4.090015302443797e-04
	3.464871509397992e-04,1.761055099879132e-04
293		8.511380382023682e+09,1.099168575495125e-311
	0.000000000000000e+00,0.000000000000000e+00
	1.000000000000000e+00,0.000000000000000e+00
	4.064359600202804e-02,3.338288599451397e-01
	-2.522713975986926e-05,-4.183529294274164e-04
	3.464836580650641e-04,1.802300054764574e-04
294		8.709635899560720e+09,1.099168575495125e-311
	0.000000000000000e+00,0.000000000000000e+00
	1.000000000000000e+00,0.000000000000000e+00
	4.286586578626795e-02,3.265579998719789e-01
	-2.525262203825687e-05,-4.279257917113709e-04
	3.464803067998695e-04,1.844501065263070e-04
295		8.912509381337368e+09,1.099168575495125e-311
	0.000000000000000e+00,0.000000000000000e+00
	1.000000000000000e+00,0.000000000000000e+00
	4.499229507688104e-02,3.194313366309783e-01
	-2.527701477657795e-05,-4.377252153299263e-04
	3.464770909198462e-04,1.887680477998747e-04
296		9.120108393559008e+09,1.099168575495125e-311
	0.000000000000000e+00,0.000000000000000e+00
	1.000000000000000e+00,0.000000000000000e+00
	4.702684078844204e-02,3.124469456899772e-01
	-2.530036339398587e-05,-4.477564172406571e-04
	3.464740044131793e-04,1.931861160152516e-04
297		9.332543007969818e+09,1.099168575495125e-311
	0.000000000000000e+00,0.000000000000000e+00
	1.000000000000000e+00,0.000000000000000e+00
	4.897331173889614e-02,3.056028624248323e-01
	-2.532271162936410e-05,-4.580247359737674e-04
	3.464710414740296e-04,1.977066511481173e-04
298		9.549925860214264e+09,1.099168575495125e-311
	0.000000000000000e+00,0.000000000000000e+00
	1.000000000000000e+00,0.000000000000000e+00
	5.083537284853012e-02,2.988970879319143e-01
	-2.534410158979397e-05,-4.685356345409304e-04
	3.464681964958918e-04,2.023320476623937e-04
299		9.772372209558008e+09,1.099168575495125e-311
	0.000000000000000e+00,0.000000000000000e+00
	1.000000000000000e+00,0.000000000000000e+00
	5.261654934600726e-02,2.923275944526291e-01
	-2.536457379912282e-05,-4.792947034058741e-04
	3.464654640649251e-04,2.070647557703679e-04
300		9.999999999999899e+09,1.099168575495125e-311
	0.000000000000000e+00,0.000000000000000e+00
	1.000000000000000e+00,0.000000000000000e+00
	5.432023096526230e-02,2.858923304288091e-01
	-2.538416724646642e-05,-4.903076635185838e-04
	3.464628389532555e-04,2.119072827227933e-04
