LTspice 26.0.2 for MacOS
Circuit: /Users/atorralba/Documents/GitHub/Analog-ICDesign-OpenTools_Private/LTspice/gf180mcuD/inv_dc_mc.net
Start Time: Fri Oct  2 20:23:11 2026
Options:logopinfo
solver = Normal
Maximum thread count: 8
tnom = 27
temp = 27
method = trap
Warning: Rdsw = -18.8941 was negative. Setting to zero.
.step x=1
.step x=2
Total elapsed time: 0.255 seconds.

Files loaded:
/Users/atorralba/Documents/GitHub/Analog-ICDesign-OpenTools_Private/LTspice/gf180mcuD/inv_dc_mc.net
/Users/atorralba/Documents/GitHub/Analog-ICDesign-OpenTools_Private/LTspice/gf180mcuD/sm141064.ngspice
/Users/atorralba/Documents/GitHub/Analog-ICDesign-OpenTools_Private/LTspice/gf180mcuD/gf180mcuD_ltspice.lib


Measurement: cross
  step	V(vin) 	at
     1	1.57082165145	1.57082165699
     2	1.5459111463	1.54591114608
