LTspice 26.0.2 for MacOS
Circuit: /Users/atorralba/Documents/GitHub/Analog-ICDesign-OpenTools_Private/LTspice/gf180mcuD/inv_ac.net
Start Time: Fri Oct  2 19:06:59 2026
Options:logopinfo
solver = Normal
Maximum thread count: 8
tnom = 27
temp = 27
method = trap
Direct Newton iteration succeeded in finding operating point.
Semiconductor Device Operating Points:
                        --- BSIM4 MOSFETS ---
Name:    u1:x1:m0    u2:x1:m0
Model: nfet_03v3.9 pfet_03v3.9
Id:      1.19e-04   -1.19e-04
Vgs:     1.65e+00   -1.65e+00
Vds:     4.38e-01   -2.86e+00
Vbs:     0.00e+00    0.00e+00
Vth:     6.99e-01   -7.89e-01
Vdsat:   7.17e-01   -7.03e-01
Gm:      1.39e-04    2.45e-04
Gds:     1.62e-04    1.75e-06
Gmb      5.60e-05    1.11e-04
Cbd:     1.33e-15    2.59e-15
Cbs:     1.55e-15    3.90e-15


Total elapsed time: 0.255 seconds.

Files loaded:
/Users/atorralba/Documents/GitHub/Analog-ICDesign-OpenTools_Private/LTspice/gf180mcuD/inv_ac.net
/Users/atorralba/Documents/GitHub/Analog-ICDesign-OpenTools_Private/LTspice/gf180mcuD/design.ngspice
/Users/atorralba/Documents/GitHub/Analog-ICDesign-OpenTools_Private/LTspice/gf180mcuD/sm141064.ngspice
/Users/atorralba/Documents/GitHub/Analog-ICDesign-OpenTools_Private/LTspice/gf180mcuD/gf180mcuD_ltspice.lib

