LTspice 26.0.2 for MacOS
Circuit: /Users/atorralba/Documents/GitHub/Analog-ICDesign-OpenTools_Private/LTspice/gf180mcuD/inv_dc_PVT.net
Start Time: Fri Oct  2 20:24:21 2026
Options:logopinfo
solver = Normal
Maximum thread count: 8
tnom = 27
temp = -40
method = trap
.step temp=-40° vdd=3
.step temp=60° vdd=3
.step temp=125° vdd=3
.step temp=-40° vdd=3.3
.step temp=60° vdd=3.3
.step temp=125° vdd=3.3
.step temp=-40° vdd=3.6
.step temp=60° vdd=3.6
.step temp=125° vdd=3.6
Total elapsed time: 1.034 seconds.

Files loaded:
/Users/atorralba/Documents/GitHub/Analog-ICDesign-OpenTools_Private/LTspice/gf180mcuD/inv_dc_PVT.net
/Users/atorralba/Documents/GitHub/Analog-ICDesign-OpenTools_Private/LTspice/gf180mcuD/design.ngspice
/Users/atorralba/Documents/GitHub/Analog-ICDesign-OpenTools_Private/LTspice/gf180mcuD/sm141064.ngspice
/Users/atorralba/Documents/GitHub/Analog-ICDesign-OpenTools_Private/LTspice/gf180mcuD/gf180mcuD_ltspice.lib


Measurement: cross
  step	V(vin) 	at
     1	1.40774726891	1.40774730014
     2	1.42401550631	1.42401549737
     3	1.43063683063	1.43063680168
     4	1.56191937754	1.56191938102
     5	1.57058339231	1.57058339779
     6	1.59036399047	1.59036400052
     7	1.70959736019	1.70959732219
     8	1.72679761292	1.72679756855
     9	1.7445564422	1.74455639123
