LTspice 26.0.1 for Windows
Circuit: C:\Users\adant\Documents\GitHub\Analog-ICDesign-OpenTools\LTspice\Razavi\Noise_C.net
Start Time: Thu Oct  8 18:56:57 2026
Options:logopinfo
solver = Normal
Maximum thread count: 24
tnom = 27
temp = 27
method = modified trap
Compress1stOrder = true
Compress2ndOrder = true
Model "nch_rs": Oxide thickness thinner than recommended for a level 1 MOSFET.
Instance "u1:M1": Length shorter than recommended for a level 1 MOSFET.
Instance "u1:M1": Width narrower than recommended for a level 1 MOSFET.
Direct Newton iteration succeeded in finding operating point.
Semiconductor Device Operating Points:
                        --- MOSFET Transistors ---
Name:         u1:M1
Model:        nch_rs
Id:          6.99e-05
Vgs:         9.00e-01
Vds:         9.00e-01
Vbs:         0.00e+00
Vth:         4.05e-01
Vdsat:       4.81e-01
Gm:          2.91e-04
Gds:         6.43e-06
Gmb:         1.04e-04
Cbd:         8.23e-16
Cbs:         8.23e-16
Cgsov:       9.55e-16
Cgdov:       9.55e-16
Cgbov:       0.00e+00
Cgs:         1.04e-15
Cgd:         0.00e+00
Cgb:         0.00e+00


Total elapsed time: 0.059 seconds.

Files loaded:
C:\Users\adant\Documents\GitHub\Analog-ICDesign-OpenTools\LTspice\Razavi\Noise_C.net
C:\Users\adant\Documents\GitHub\Analog-ICDesign-OpenTools\LTspice\Razavi\razavi_cmos.lib

