
Note: No compatibility mode selected!


Circuit: * dc_sweep_razavi -- port a ngspice del esquematico ltspice/razavi/dc_sweep_razavi.asc

Doing analysis at TEMP = 27.000000 and TNOM = 27.000000

Using SPARSE 1.3 as Direct Linear Solver

No. of Data Rows : 1
@m.xu1.m1[id] = 7.569445e-05
@m.xu2.m1[id] = 3.784722e-05
@m.xu1.m1[vgs] = 9.000000e-01
@m.xu2.m1[vgs] = 9.000000e-01
@m.xu1.m1[vds] = 9.000000e-01
@m.xu2.m1[vds] = 9.000000e-01
@m.xu1.m1[vbs] = 0.000000e+00
@m.xu2.m1[vbs] = -0.000000e+00
@m.xu1.m1[von] = 4.000000e-01
@m.xu2.m1[von] = -4.00000e-01
@m.xu1.m1[vdsat] = 5.000000e-01
@m.xu2.m1[vdsat] = -5.00000e-01
@m.xu1.m1[gm] = 3.027778e-04
@m.xu2.m1[gm] = 1.513889e-04
@m.xu1.m1[gds] = 6.944444e-06
@m.xu2.m1[gds] = 3.472222e-06
@m.xu1.m1[gmbs] = 1.105588e-04
@m.xu2.m1[gmbs] = 5.527941e-05
@m.xu1.m1[cbd] = 8.231200e-16
@m.xu2.m1[cbd] = 8.231200e-16
@m.xu1.m1[cbs] = 8.231200e-16
@m.xu2.m1[cbs] = 8.231200e-16
@m.xu1.m1[cgs] = 1.990743e-15
@m.xu2.m1[cgs] = 1.990743e-15
@m.xu1.m1[cgd] = 9.548000e-16
@m.xu2.m1[cgd] = 9.548000e-16
@m.xu1.m1[cgb] = 0.000000e+00
@m.xu2.m1[cgb] = 0.000000e+00
Doing analysis at TEMP = 27.000000 and TNOM = 27.000000

Using SPARSE 1.3 as Direct Linear Solver

No. of Data Rows : 51
binary raw file "DC_Sweep_Razavi_ngspice.raw"
ngspice-42 done
