
Note: No compatibility mode selected!


Circuit: * noise_razavi_pmos -- circuitos para simulacion de ruido del pmos con el modelo level 1 de razavi

Doing analysis at TEMP = 27.000000 and TNOM = 27.000000

Using SPARSE 1.3 as Direct Linear Solver

No. of Data Rows : 1
@m.xu1.m1[id] = 3.784722e-05
@m.xu2.m1[id] = 3.959732e-05
@m.xu3.m1[id] = 3.631497e-05
@m.xu1.m1[vds] = 9.000000e-01
@m.xu2.m1[vds] = 1.404027e+00
@m.xu3.m1[vds] = 8.854740e-01
@m.xu1.m1[gm] = 1.513889e-04
@m.xu2.m1[gm] = 1.583893e-04
@m.xu3.m1[gm] = 1.481939e-04
@m.xu1.m1[gds] = 3.472222e-06
@m.xu2.m1[gds] = 3.472222e-06
@m.xu3.m1[gds] = 3.336094e-06
@m.xu1.m1[gmbs] = 5.527941e-05
@m.xu2.m1[gmbs] = 5.783558e-05
@m.xu3.m1[gmbs] = 5.346938e-05
Doing analysis at TEMP = 27.000000 and TNOM = 27.000000

Using SPARSE 1.3 as Direct Linear Solver

No. of Data Rows : 161

No. of Data Rows : 1
binary raw file "Noise_PA.raw"
inoise_total = 1.235535e-04
onoise_total = 5.335737e-03
Doing analysis at TEMP = 27.000000 and TNOM = 27.000000

Using SPARSE 1.3 as Direct Linear Solver

No. of Data Rows : 161

No. of Data Rows : 1
binary raw file "Noise_PB.raw"
inoise_total = 1.454998e-04
onoise_total = 2.227198e-04
Doing analysis at TEMP = 27.000000 and TNOM = 27.000000

Using SPARSE 1.3 as Direct Linear Solver

No. of Data Rows : 161

No. of Data Rows : 1
binary raw file "Noise_PC.raw"
inoise_total = 1.267918e-04
onoise_total = 5.567216e-03
ngspice-42 done
