
Note: No compatibility mode selected!


Circuit: cmos inverter - sky130a (traducido de cmos_inverter.asc)

Doing analysis at TEMP = 27.000000 and TNOM = 27.000000

Using SPARSE 1.3 as Direct Linear Solver

Initial Transient Solution
--------------------------

Node                                   Voltage
----                                   -------
vdd                                        1.8
in                                           0
out                                        1.8
vin#branch                                   0
vdd#branch                        -2.03743e-12


No. of Data Rows : 10116

No .measure possible in batch mode (-b) with -r rawfile set!
Remove rawfile and use .print or .plot or
select interactive mode (optionally with .control section) instead.

ASCII raw file "CMOS_Inverter.raw"
ASCII raw file "C:\Users\adant\Documents\GitHub\Analog-ICDesign-OpenTools\ngspice\sky130A\CMOS_Inverter.out"
Doing analysis at TEMP = 27.000000 and TNOM = 27.000000

Using SPARSE 1.3 as Direct Linear Solver
No. of Data Columns : 12  

Initial Transient Solution
--------------------------

Node                                   Voltage
----                                   -------
vdd                                        1.8
in                                           0
out                                        1.8
vin#branch                                   0
vdd#branch                        -2.03743e-12


No. of Data Rows : 10116

No .measure possible in batch mode (-b) with -r rawfile set!
Remove rawfile and use .print or .plot or
select interactive mode (optionally with .control section) instead.


Total analysis time (seconds) = 0.174018

Total elapsed time (seconds) = 5.117 

Total DRAM available = 65276.980 MB.
DRAM currently available = 45347.805 MB.
Maximum ngspice program size =  184.609 MB.
Current ngspice program size =   57.250 MB.

